// Vitest Snapshot v1, https://vitest.dev/guide/snapshot.html

exports[`BookmarkItem > snapshot 1`] = `
<div
  class="MuiPaper-root MuiPaper-elevation MuiPaper-rounded MuiPaper-elevation1 MuiCard-root css-wmg1xo-MuiPaper-root-MuiCard-root"
  style="--Paper-shadow: 0px 2px 1px -1px rgba(0,0,0,0.2),0px 1px 1px 0px rgba(0,0,0,0.14),0px 1px 3px 0px rgba(0,0,0,0.12);"
>
  <div
    class="MuiCardContent-root css-13dhnfz-MuiCardContent-root"
  >
    <div
      class="MuiGrid2-root MuiGrid2-container MuiGrid2-direction-xs-row css-1jxwjqx-MuiGrid2-root"
    >
      <div
        class="MuiGrid2-root MuiGrid2-direction-xs-row MuiGrid2-grid-xs-grow css-2edihr-MuiGrid2-root"
      >
        <h5
          class="MuiTypography-root MuiTypography-h5 css-s1vonw-MuiTypography-root"
        >
          hellohellohellohellohellohellohellohellohellohellohellohellohellohellohellohellohellohellohellohellohellohellohellohellohellohellohellohellohellohellohellohellohellohellohellohellohellohellohellohellohellohellohellohellohellohellohellohellohellohellohellohellohellohellohellohellohellohellohellohellohellohellohellohellohellohellohellohellohellohellohellohellohellohellohellohellohellohellohellohellohellohellohellohellohellohellohellohellohellohellohellohellohellohellohellohellohellohellohellohello
        </h5>
      </div>
      <div
        class="MuiGrid2-root MuiGrid2-direction-xs-row MuiGrid2-grid-xs-auto css-1djy14n-MuiGrid2-root"
      >
        <div
          class="MuiBox-root css-79elbk"
        >
          <div
            aria-haspopup="true"
            class="MuiBox-root css-0"
            data-testid="open-bookmark-button"
            id="basic-button"
          >
            <svg
              aria-hidden="true"
              class="MuiSvgIcon-root MuiSvgIcon-fontSizeMedium css-1yy668g-MuiSvgIcon-root"
              data-testid="MoreVertIcon"
              focusable="false"
              viewBox="0 0 24 24"
            >
              <path
                d="M12 8c1.1 0 2-.9 2-2s-.9-2-2-2-2 .9-2 2 .9 2 2 2m0 2c-1.1 0-2 .9-2 2s.9 2 2 2 2-.9 2-2-.9-2-2-2m0 6c-1.1 0-2 .9-2 2s.9 2 2 2 2-.9 2-2-.9-2-2-2"
              />
            </svg>
          </div>
        </div>
      </div>
    </div>
    <div
      class="MuiStack-root css-1wcha3e-MuiStack-root"
    >
      <p
        class="MuiTypography-root MuiTypography-body1 css-eriqsw-MuiTypography-root"
      >
        #
        tag
      </p>
      <p
        class="MuiTypography-root MuiTypography-body1 css-eriqsw-MuiTypography-root"
      >
        #
        tag
      </p>
      <p
        class="MuiTypography-root MuiTypography-body1 css-eriqsw-MuiTypography-root"
      >
        #
        tag
      </p>
      <p
        class="MuiTypography-root MuiTypography-body1 css-eriqsw-MuiTypography-root"
      >
        #
        tag
      </p>
      <p
        class="MuiTypography-root MuiTypography-body1 css-eriqsw-MuiTypography-root"
      >
        #
        tag
      </p>
      <p
        class="MuiTypography-root MuiTypography-body1 css-eriqsw-MuiTypography-root"
      >
        #
        tag
      </p>
      <p
        class="MuiTypography-root MuiTypography-body1 css-eriqsw-MuiTypography-root"
      >
        #
        tag
      </p>
      <p
        class="MuiTypography-root MuiTypography-body1 css-eriqsw-MuiTypography-root"
      >
        #
        tag
      </p>
      <p
        class="MuiTypography-root MuiTypography-body1 css-eriqsw-MuiTypography-root"
      >
        #
        tag
      </p>
      <p
        class="MuiTypography-root MuiTypography-body1 css-eriqsw-MuiTypography-root"
      >
        #
        tag
      </p>
      <p
        class="MuiTypography-root MuiTypography-body1 css-eriqsw-MuiTypography-root"
      >
        #
        tag
      </p>
      <p
        class="MuiTypography-root MuiTypography-body1 css-eriqsw-MuiTypography-root"
      >
        #
        tag
      </p>
      <p
        class="MuiTypography-root MuiTypography-body1 css-eriqsw-MuiTypography-root"
      >
        #
        tag
      </p>
      <p
        class="MuiTypography-root MuiTypography-body1 css-eriqsw-MuiTypography-root"
      >
        #
        tag
      </p>
      <p
        class="MuiTypography-root MuiTypography-body1 css-eriqsw-MuiTypography-root"
      >
        #
        tag
      </p>
      <p
        class="MuiTypography-root MuiTypography-body1 css-eriqsw-MuiTypography-root"
      >
        #
        tag
      </p>
      <p
        class="MuiTypography-root MuiTypography-body1 css-eriqsw-MuiTypography-root"
      >
        #
        tag
      </p>
      <p
        class="MuiTypography-root MuiTypography-body1 css-eriqsw-MuiTypography-root"
      >
        #
        tag
      </p>
      <p
        class="MuiTypography-root MuiTypography-body1 css-eriqsw-MuiTypography-root"
      >
        #
        tag
      </p>
      <p
        class="MuiTypography-root MuiTypography-body1 css-eriqsw-MuiTypography-root"
      >
        #
        tag
      </p>
      <p
        class="MuiTypography-root MuiTypography-body1 css-eriqsw-MuiTypography-root"
      >
        #
        tag
      </p>
      <p
        class="MuiTypography-root MuiTypography-body1 css-eriqsw-MuiTypography-root"
      >
        #
        tag
      </p>
      <p
        class="MuiTypography-root MuiTypography-body1 css-eriqsw-MuiTypography-root"
      >
        #
        tag
      </p>
      <p
        class="MuiTypography-root MuiTypography-body1 css-eriqsw-MuiTypography-root"
      >
        #
        tag
      </p>
      <p
        class="MuiTypography-root MuiTypography-body1 css-eriqsw-MuiTypography-root"
      >
        #
        tag
      </p>
      <p
        class="MuiTypography-root MuiTypography-body1 css-eriqsw-MuiTypography-root"
      >
        #
        tag
      </p>
      <p
        class="MuiTypography-root MuiTypography-body1 css-eriqsw-MuiTypography-root"
      >
        #
        tag
      </p>
      <p
        class="MuiTypography-root MuiTypography-body1 css-eriqsw-MuiTypography-root"
      >
        #
        tag
      </p>
      <p
        class="MuiTypography-root MuiTypography-body1 css-eriqsw-MuiTypography-root"
      >
        #
        tag
      </p>
      <p
        class="MuiTypography-root MuiTypography-body1 css-eriqsw-MuiTypography-root"
      >
        #
        tag
      </p>
      <p
        class="MuiTypography-root MuiTypography-body1 css-eriqsw-MuiTypography-root"
      >
        #
        tag
      </p>
      <p
        class="MuiTypography-root MuiTypography-body1 css-eriqsw-MuiTypography-root"
      >
        #
        tag
      </p>
      <p
        class="MuiTypography-root MuiTypography-body1 css-eriqsw-MuiTypography-root"
      >
        #
        tag
      </p>
      <p
        class="MuiTypography-root MuiTypography-body1 css-eriqsw-MuiTypography-root"
      >
        #
        tag
      </p>
      <p
        class="MuiTypography-root MuiTypography-body1 css-eriqsw-MuiTypography-root"
      >
        #
        tag
      </p>
      <p
        class="MuiTypography-root MuiTypography-body1 css-eriqsw-MuiTypography-root"
      >
        #
        tag
      </p>
      <p
        class="MuiTypography-root MuiTypography-body1 css-eriqsw-MuiTypography-root"
      >
        #
        tag
      </p>
      <p
        class="MuiTypography-root MuiTypography-body1 css-eriqsw-MuiTypography-root"
      >
        #
        tag
      </p>
      <p
        class="MuiTypography-root MuiTypography-body1 css-eriqsw-MuiTypography-root"
      >
        #
        tag
      </p>
      <p
        class="MuiTypography-root MuiTypography-body1 css-eriqsw-MuiTypography-root"
      >
        #
        tag
      </p>
      <p
        class="MuiTypography-root MuiTypography-body1 css-eriqsw-MuiTypography-root"
      >
        #
        tag
      </p>
      <p
        class="MuiTypography-root MuiTypography-body1 css-eriqsw-MuiTypography-root"
      >
        #
        tag
      </p>
      <p
        class="MuiTypography-root MuiTypography-body1 css-eriqsw-MuiTypography-root"
      >
        #
        tag
      </p>
      <p
        class="MuiTypography-root MuiTypography-body1 css-eriqsw-MuiTypography-root"
      >
        #
        tag
      </p>
      <p
        class="MuiTypography-root MuiTypography-body1 css-eriqsw-MuiTypography-root"
      >
        #
        tag
      </p>
      <p
        class="MuiTypography-root MuiTypography-body1 css-eriqsw-MuiTypography-root"
      >
        #
        tag
      </p>
      <p
        class="MuiTypography-root MuiTypography-body1 css-eriqsw-MuiTypography-root"
      >
        #
        tag
      </p>
      <p
        class="MuiTypography-root MuiTypography-body1 css-eriqsw-MuiTypography-root"
      >
        #
        tag
      </p>
      <p
        class="MuiTypography-root MuiTypography-body1 css-eriqsw-MuiTypography-root"
      >
        #
        tag
      </p>
      <p
        class="MuiTypography-root MuiTypography-body1 css-eriqsw-MuiTypography-root"
      >
        #
        tag
      </p>
      <p
        class="MuiTypography-root MuiTypography-body1 css-eriqsw-MuiTypography-root"
      >
        #
        tag
      </p>
      <p
        class="MuiTypography-root MuiTypography-body1 css-eriqsw-MuiTypography-root"
      >
        #
        tag
      </p>
      <p
        class="MuiTypography-root MuiTypography-body1 css-eriqsw-MuiTypography-root"
      >
        #
        tag
      </p>
      <p
        class="MuiTypography-root MuiTypography-body1 css-eriqsw-MuiTypography-root"
      >
        #
        tag
      </p>
      <p
        class="MuiTypography-root MuiTypography-body1 css-eriqsw-MuiTypography-root"
      >
        #
        tag
      </p>
      <p
        class="MuiTypography-root MuiTypography-body1 css-eriqsw-MuiTypography-root"
      >
        #
        tag
      </p>
      <p
        class="MuiTypography-root MuiTypography-body1 css-eriqsw-MuiTypography-root"
      >
        #
        tag
      </p>
      <p
        class="MuiTypography-root MuiTypography-body1 css-eriqsw-MuiTypography-root"
      >
        #
        tag
      </p>
      <p
        class="MuiTypography-root MuiTypography-body1 css-eriqsw-MuiTypography-root"
      >
        #
        tag
      </p>
      <p
        class="MuiTypography-root MuiTypography-body1 css-eriqsw-MuiTypography-root"
      >
        #
        tag
      </p>
      <p
        class="MuiTypography-root MuiTypography-body1 css-eriqsw-MuiTypography-root"
      >
        #
        tag
      </p>
      <p
        class="MuiTypography-root MuiTypography-body1 css-eriqsw-MuiTypography-root"
      >
        #
        tag
      </p>
      <p
        class="MuiTypography-root MuiTypography-body1 css-eriqsw-MuiTypography-root"
      >
        #
        tag
      </p>
      <p
        class="MuiTypography-root MuiTypography-body1 css-eriqsw-MuiTypography-root"
      >
        #
        tag
      </p>
      <p
        class="MuiTypography-root MuiTypography-body1 css-eriqsw-MuiTypography-root"
      >
        #
        tag
      </p>
      <p
        class="MuiTypography-root MuiTypography-body1 css-eriqsw-MuiTypography-root"
      >
        #
        tag
      </p>
      <p
        class="MuiTypography-root MuiTypography-body1 css-eriqsw-MuiTypography-root"
      >
        #
        tag
      </p>
      <p
        class="MuiTypography-root MuiTypography-body1 css-eriqsw-MuiTypography-root"
      >
        #
        tag
      </p>
      <p
        class="MuiTypography-root MuiTypography-body1 css-eriqsw-MuiTypography-root"
      >
        #
        tag
      </p>
      <p
        class="MuiTypography-root MuiTypography-body1 css-eriqsw-MuiTypography-root"
      >
        #
        tag
      </p>
      <p
        class="MuiTypography-root MuiTypography-body1 css-eriqsw-MuiTypography-root"
      >
        #
        tag
      </p>
      <p
        class="MuiTypography-root MuiTypography-body1 css-eriqsw-MuiTypography-root"
      >
        #
        tag
      </p>
      <p
        class="MuiTypography-root MuiTypography-body1 css-eriqsw-MuiTypography-root"
      >
        #
        tag
      </p>
      <p
        class="MuiTypography-root MuiTypography-body1 css-eriqsw-MuiTypography-root"
      >
        #
        tag
      </p>
      <p
        class="MuiTypography-root MuiTypography-body1 css-eriqsw-MuiTypography-root"
      >
        #
        tag
      </p>
      <p
        class="MuiTypography-root MuiTypography-body1 css-eriqsw-MuiTypography-root"
      >
        #
        tag
      </p>
      <p
        class="MuiTypography-root MuiTypography-body1 css-eriqsw-MuiTypography-root"
      >
        #
        tag
      </p>
      <p
        class="MuiTypography-root MuiTypography-body1 css-eriqsw-MuiTypography-root"
      >
        #
        tag
      </p>
      <p
        class="MuiTypography-root MuiTypography-body1 css-eriqsw-MuiTypography-root"
      >
        #
        tag
      </p>
      <p
        class="MuiTypography-root MuiTypography-body1 css-eriqsw-MuiTypography-root"
      >
        #
        tag
      </p>
      <p
        class="MuiTypography-root MuiTypography-body1 css-eriqsw-MuiTypography-root"
      >
        #
        tag
      </p>
      <p
        class="MuiTypography-root MuiTypography-body1 css-eriqsw-MuiTypography-root"
      >
        #
        tag
      </p>
      <p
        class="MuiTypography-root MuiTypography-body1 css-eriqsw-MuiTypography-root"
      >
        #
        tag
      </p>
      <p
        class="MuiTypography-root MuiTypography-body1 css-eriqsw-MuiTypography-root"
      >
        #
        tag
      </p>
      <p
        class="MuiTypography-root MuiTypography-body1 css-eriqsw-MuiTypography-root"
      >
        #
        tag
      </p>
      <p
        class="MuiTypography-root MuiTypography-body1 css-eriqsw-MuiTypography-root"
      >
        #
        tag
      </p>
      <p
        class="MuiTypography-root MuiTypography-body1 css-eriqsw-MuiTypography-root"
      >
        #
        tag
      </p>
      <p
        class="MuiTypography-root MuiTypography-body1 css-eriqsw-MuiTypography-root"
      >
        #
        tag
      </p>
      <p
        class="MuiTypography-root MuiTypography-body1 css-eriqsw-MuiTypography-root"
      >
        #
        tag
      </p>
      <p
        class="MuiTypography-root MuiTypography-body1 css-eriqsw-MuiTypography-root"
      >
        #
        tag
      </p>
      <p
        class="MuiTypography-root MuiTypography-body1 css-eriqsw-MuiTypography-root"
      >
        #
        tag
      </p>
      <p
        class="MuiTypography-root MuiTypography-body1 css-eriqsw-MuiTypography-root"
      >
        #
        tag
      </p>
      <p
        class="MuiTypography-root MuiTypography-body1 css-eriqsw-MuiTypography-root"
      >
        #
        tag
      </p>
      <p
        class="MuiTypography-root MuiTypography-body1 css-eriqsw-MuiTypography-root"
      >
        #
        tag
      </p>
      <p
        class="MuiTypography-root MuiTypography-body1 css-eriqsw-MuiTypography-root"
      >
        #
        tag
      </p>
      <p
        class="MuiTypography-root MuiTypography-body1 css-eriqsw-MuiTypography-root"
      >
        #
        tag
      </p>
      <p
        class="MuiTypography-root MuiTypography-body1 css-eriqsw-MuiTypography-root"
      >
        #
        tag
      </p>
      <p
        class="MuiTypography-root MuiTypography-body1 css-eriqsw-MuiTypography-root"
      >
        #
        tag
      </p>
      <p
        class="MuiTypography-root MuiTypography-body1 css-eriqsw-MuiTypography-root"
      >
        #
        tag
      </p>
      <p
        class="MuiTypography-root MuiTypography-body1 css-eriqsw-MuiTypography-root"
      >
        #
        tag
      </p>
    </div>
    <p
      class="MuiTypography-root MuiTypography-body1 css-16to7o8-MuiTypography-root"
    >
      created at
       
      2025/02/07
    </p>
    <p
      class="MuiTypography-root MuiTypography-body1 css-1hb8dbm-MuiTypography-root"
    >
      aaaaaaaaaaaaaaaaaaaaaaaaaaaaaaaaaaaaaaaaaaaaaaaaaaaaaaaaaaaaaaaaaaaaaaaaaaaaaaaaaaaaaaaaaaaaaaaaaaaaaaaaaaaaaaaaaaaaaaaaaaaaaaaaaaaaaaaaaaaaaaaaaaaaaaaaaaaaaaaaaaaaaaaaaaaaaaaaaaaaaaaaaaaaaaaaaaaaaaaaaaaaaaaaaaaaaaaaaaaaaaaaaaaaaaaaaaaaaaaaaaaaaaaaaaaaaaaaaaaaaaaaaaaaaaaaaaaaaaaaaaaaaaaaaaaaaaaaaaaaaaaaaaaaaaaaaaaaaaaaaaaaaaaaaaaaaaaaaaaaaaaaaaaaaaaaaaaaaaaaaaaaaaaaaaaaaaaaaaaaaaaaaaaaaaaaaaaaaaaaaaaaaaaaaaaaaaaaaaaaaaaaaaaaaaaaaaaaaaaaaaaaaaaaaaaaaaaaaaaaaaaaaaaaaaaaaaaaaaaaaaaaaaaaaaaaaaaaaaaaaaaaaaaaaaaaaaaaaaaaaaaaaaaaaaaaaaaaaaaaaaaaaaaaaaaaaaaaaaaaaaaaaaaaaaaaaaaaaaaaaaaaaaaaaaaaaaaaaaaa
    </p>
  </div>
</div>
`;
