// Vitest Snapshot v1, https://vitest.dev/guide/snapshot.html

exports[`SuggestionWindow > items 1`] = `
<div>
  <div
    class="MuiBox-root css-f6efok"
    data-testid="suggestion-window"
  >
    <div
      class="MuiBox-root css-5biidq"
      data-testid="suggestion-item"
    >
      <p
        class="MuiTypography-root MuiTypography-body1 css-1yek1z9-MuiTypography-root"
      >
        h
      </p>
      <p
        class="MuiTypography-root MuiTypography-body1 css-unoo7q-MuiTypography-root"
      >
        ello
      </p>
    </div>
  </div>
</div>
`;

exports[`SuggestionWindow > items 2`] = `
<p
  class="MuiTypography-root MuiTypography-body1 css-1yek1z9-MuiTypography-root"
>
  h
</p>
`;

exports[`SuggestionWindow > items 3`] = `
<p
  class="MuiTypography-root MuiTypography-body1 css-unoo7q-MuiTypography-root"
>
  ello
</p>
`;
