// Vitest Snapshot v1, https://vitest.dev/guide/snapshot.html

exports[`App > hotkey 1`] = `
<DocumentFragment>
  <div
    class="MuiBox-root css-kvkzl0"
  >
    <div
      class="MuiGrid2-root MuiGrid2-container MuiGrid2-direction-xs-row MuiGrid2-spacing-xs-1 css-l8gw4m-MuiGrid2-root"
    >
      <div
        class="MuiGrid2-root MuiGrid2-direction-xs-row MuiGrid2-grid-xs-auto css-1djy14n-MuiGrid2-root"
      >
        <div
          class="MuiBox-root css-1sgu0ab"
        >
          <div
            class="MuiBox-root css-fgffgt"
          >
            <p
              class="MuiTypography-root MuiTypography-body1 css-dlfesb-MuiTypography-root"
            >
              t
            </p>
          </div>
          <div
            class="MuiBox-root css-fgffgt"
          >
            <p
              class="MuiTypography-root MuiTypography-body1 css-dlfesb-MuiTypography-root"
            >
              tag1
            </p>
          </div>
          <div
            class="MuiBox-root css-fgffgt"
          >
            <p
              class="MuiTypography-root MuiTypography-body1 css-dlfesb-MuiTypography-root"
            >
              tag3
            </p>
          </div>
          <div
            class="MuiBox-root css-fgffgt"
          >
            <p
              class="MuiTypography-root MuiTypography-body1 css-dlfesb-MuiTypography-root"
            >
              tag3
            </p>
          </div>
          <div
            class="MuiBox-root css-1qqo5vm"
          >
            <div
              class="MuiFormControl-root MuiTextField-root css-x5lmpp-MuiFormControl-root-MuiTextField-root"
            >
              <div
                class="MuiInputBase-root MuiOutlinedInput-root MuiInputBase-colorPrimary Mui-focused MuiInputBase-formControl css-quhxjy-MuiInputBase-root-MuiOutlinedInput-root"
              >
                <input
                  aria-invalid="false"
                  autocomplete="off"
                  class="MuiInputBase-input MuiOutlinedInput-input css-16wblaj-MuiInputBase-input-MuiOutlinedInput-input"
                  id=":r0:"
                  placeholder="/"
                  type="text"
                  value=""
                />
                <fieldset
                  aria-hidden="true"
                  class="MuiOutlinedInput-notchedOutline css-1ll44ll-MuiOutlinedInput-notchedOutline"
                >
                  <legend
                    class="css-w4cd9x"
                  >
                    <span
                      aria-hidden="true"
                      class="notranslate"
                    >
                      ​
                    </span>
                  </legend>
                </fieldset>
              </div>
            </div>
            <div
              class="MuiBox-root css-971pk6"
            />
          </div>
        </div>
      </div>
      <div
        class="MuiGrid2-root MuiGrid2-direction-xs-row MuiGrid2-grid-xs-grow css-36r1yx-MuiGrid2-root"
      >
        <div
          class="MuiStack-root css-7jr0kh-MuiStack-root"
        >
          <div>
            <div
              class="MuiPaper-root MuiPaper-elevation MuiPaper-rounded MuiPaper-elevation1 MuiCard-root css-tlmu3g-MuiPaper-root-MuiCard-root"
              style="--Paper-shadow: 0px 2px 1px -1px rgba(0,0,0,0.2),0px 1px 1px 0px rgba(0,0,0,0.14),0px 1px 3px 0px rgba(0,0,0,0.12);"
            >
              <div
                class="MuiCardContent-root css-13dhnfz-MuiCardContent-root"
              >
                <h5
                  class="MuiTypography-root MuiTypography-h5 css-1oizlrc-MuiTypography-root"
                >
                  hello1
                </h5>
                <div
                  class="MuiStack-root css-1wcha3e-MuiStack-root"
                >
                  <p
                    class="MuiTypography-root MuiTypography-body1 css-iwwj6k-MuiTypography-root"
                  >
                    #hello
                  </p>
                  <p
                    class="MuiTypography-root MuiTypography-body1 css-iwwj6k-MuiTypography-root"
                  >
                    #aaa
                  </p>
                  <p
                    class="MuiTypography-root MuiTypography-body1 css-iwwj6k-MuiTypography-root"
                  >
                    #hey
                  </p>
                </div>
                <p
                  class="MuiTypography-root MuiTypography-body1 css-5rw2u6-MuiTypography-root"
                >
                  this is description
                </p>
                <div
                  class="MuiBox-root css-14s011l"
                >
                  <div
                    class="MuiStack-root css-iq4xaw-MuiStack-root"
                  >
                    <button
                      class="MuiButtonBase-root MuiButton-root MuiButton-contained MuiButton-containedPrimary MuiButton-sizeMedium MuiButton-containedSizeMedium MuiButton-colorPrimary MuiButton-root MuiButton-contained MuiButton-containedPrimary MuiButton-sizeMedium MuiButton-containedSizeMedium MuiButton-colorPrimary css-1abvrni-MuiButtonBase-root-MuiButton-root"
                      tabindex="0"
                      type="button"
                    >
                      <svg
                        aria-hidden="true"
                        class="MuiSvgIcon-root MuiSvgIcon-fontSizeMedium css-1umw9bq-MuiSvgIcon-root"
                        data-testid="DeleteIcon"
                        focusable="false"
                        viewBox="0 0 24 24"
                      >
                        <path
                          d="M6 19c0 1.1.9 2 2 2h8c1.1 0 2-.9 2-2V7H6zM19 4h-3.5l-1-1h-5l-1 1H5v2h14z"
                        />
                      </svg>
                    </button>
                    <button
                      class="MuiButtonBase-root MuiButton-root MuiButton-contained MuiButton-containedPrimary MuiButton-sizeMedium MuiButton-containedSizeMedium MuiButton-colorPrimary MuiButton-root MuiButton-contained MuiButton-containedPrimary MuiButton-sizeMedium MuiButton-containedSizeMedium MuiButton-colorPrimary css-1abvrni-MuiButtonBase-root-MuiButton-root"
                      tabindex="0"
                      type="button"
                    >
                      <svg
                        aria-hidden="true"
                        class="MuiSvgIcon-root MuiSvgIcon-fontSizeMedium css-1umw9bq-MuiSvgIcon-root"
                        data-testid="EditIcon"
                        focusable="false"
                        viewBox="0 0 24 24"
                      >
                        <path
                          d="M3 17.25V21h3.75L17.81 9.94l-3.75-3.75zM20.71 7.04c.39-.39.39-1.02 0-1.41l-2.34-2.34a.996.996 0 0 0-1.41 0l-1.83 1.83 3.75 3.75z"
                        />
                      </svg>
                    </button>
                  </div>
                </div>
              </div>
            </div>
          </div>
          <div>
            <div
              class="MuiPaper-root MuiPaper-elevation MuiPaper-rounded MuiPaper-elevation1 MuiCard-root css-a5vkra-MuiPaper-root-MuiCard-root"
              style="--Paper-shadow: 0px 2px 1px -1px rgba(0,0,0,0.2),0px 1px 1px 0px rgba(0,0,0,0.14),0px 1px 3px 0px rgba(0,0,0,0.12);"
            >
              <div
                class="MuiCardContent-root css-13dhnfz-MuiCardContent-root"
              >
                <h5
                  class="MuiTypography-root MuiTypography-h5 css-1oizlrc-MuiTypography-root"
                >
                  hello1
                </h5>
                <div
                  class="MuiStack-root css-1wcha3e-MuiStack-root"
                >
                  <p
                    class="MuiTypography-root MuiTypography-body1 css-iwwj6k-MuiTypography-root"
                  >
                    #uuu
                  </p>
                  <p
                    class="MuiTypography-root MuiTypography-body1 css-iwwj6k-MuiTypography-root"
                  >
                    #uid
                  </p>
                  <p
                    class="MuiTypography-root MuiTypography-body1 css-iwwj6k-MuiTypography-root"
                  >
                    #hey
                  </p>
                </div>
                <p
                  class="MuiTypography-root MuiTypography-body1 css-5rw2u6-MuiTypography-root"
                >
                  this is description
                </p>
                <div
                  class="MuiBox-root css-14s011l"
                >
                  <div
                    class="MuiStack-root css-iq4xaw-MuiStack-root"
                  >
                    <button
                      class="MuiButtonBase-root MuiButton-root MuiButton-contained MuiButton-containedPrimary MuiButton-sizeMedium MuiButton-containedSizeMedium MuiButton-colorPrimary MuiButton-root MuiButton-contained MuiButton-containedPrimary MuiButton-sizeMedium MuiButton-containedSizeMedium MuiButton-colorPrimary css-1abvrni-MuiButtonBase-root-MuiButton-root"
                      tabindex="0"
                      type="button"
                    >
                      <svg
                        aria-hidden="true"
                        class="MuiSvgIcon-root MuiSvgIcon-fontSizeMedium css-1umw9bq-MuiSvgIcon-root"
                        data-testid="DeleteIcon"
                        focusable="false"
                        viewBox="0 0 24 24"
                      >
                        <path
                          d="M6 19c0 1.1.9 2 2 2h8c1.1 0 2-.9 2-2V7H6zM19 4h-3.5l-1-1h-5l-1 1H5v2h14z"
                        />
                      </svg>
                    </button>
                    <button
                      class="MuiButtonBase-root MuiButton-root MuiButton-contained MuiButton-containedPrimary MuiButton-sizeMedium MuiButton-containedSizeMedium MuiButton-colorPrimary MuiButton-root MuiButton-contained MuiButton-containedPrimary MuiButton-sizeMedium MuiButton-containedSizeMedium MuiButton-colorPrimary css-1abvrni-MuiButtonBase-root-MuiButton-root"
                      tabindex="0"
                      type="button"
                    >
                      <svg
                        aria-hidden="true"
                        class="MuiSvgIcon-root MuiSvgIcon-fontSizeMedium css-1umw9bq-MuiSvgIcon-root"
                        data-testid="EditIcon"
                        focusable="false"
                        viewBox="0 0 24 24"
                      >
                        <path
                          d="M3 17.25V21h3.75L17.81 9.94l-3.75-3.75zM20.71 7.04c.39-.39.39-1.02 0-1.41l-2.34-2.34a.996.996 0 0 0-1.41 0l-1.83 1.83 3.75 3.75z"
                        />
                      </svg>
                    </button>
                  </div>
                </div>
              </div>
            </div>
          </div>
          <div>
            <div
              class="MuiPaper-root MuiPaper-elevation MuiPaper-rounded MuiPaper-elevation1 MuiCard-root css-a5vkra-MuiPaper-root-MuiCard-root"
              style="--Paper-shadow: 0px 2px 1px -1px rgba(0,0,0,0.2),0px 1px 1px 0px rgba(0,0,0,0.14),0px 1px 3px 0px rgba(0,0,0,0.12);"
            >
              <div
                class="MuiCardContent-root css-13dhnfz-MuiCardContent-root"
              >
                <h5
                  class="MuiTypography-root MuiTypography-h5 css-1oizlrc-MuiTypography-root"
                >
                  hello1
                </h5>
                <div
                  class="MuiStack-root css-1wcha3e-MuiStack-root"
                >
                  <p
                    class="MuiTypography-root MuiTypography-body1 css-iwwj6k-MuiTypography-root"
                  >
                    #uuu
                  </p>
                  <p
                    class="MuiTypography-root MuiTypography-body1 css-iwwj6k-MuiTypography-root"
                  >
                    #uid
                  </p>
                  <p
                    class="MuiTypography-root MuiTypography-body1 css-iwwj6k-MuiTypography-root"
                  >
                    #hey
                  </p>
                </div>
                <p
                  class="MuiTypography-root MuiTypography-body1 css-5rw2u6-MuiTypography-root"
                >
                  this is description
                </p>
                <div
                  class="MuiBox-root css-14s011l"
                >
                  <div
                    class="MuiStack-root css-iq4xaw-MuiStack-root"
                  >
                    <button
                      class="MuiButtonBase-root MuiButton-root MuiButton-contained MuiButton-containedPrimary MuiButton-sizeMedium MuiButton-containedSizeMedium MuiButton-colorPrimary MuiButton-root MuiButton-contained MuiButton-containedPrimary MuiButton-sizeMedium MuiButton-containedSizeMedium MuiButton-colorPrimary css-1abvrni-MuiButtonBase-root-MuiButton-root"
                      tabindex="0"
                      type="button"
                    >
                      <svg
                        aria-hidden="true"
                        class="MuiSvgIcon-root MuiSvgIcon-fontSizeMedium css-1umw9bq-MuiSvgIcon-root"
                        data-testid="DeleteIcon"
                        focusable="false"
                        viewBox="0 0 24 24"
                      >
                        <path
                          d="M6 19c0 1.1.9 2 2 2h8c1.1 0 2-.9 2-2V7H6zM19 4h-3.5l-1-1h-5l-1 1H5v2h14z"
                        />
                      </svg>
                    </button>
                    <button
                      class="MuiButtonBase-root MuiButton-root MuiButton-contained MuiButton-containedPrimary MuiButton-sizeMedium MuiButton-containedSizeMedium MuiButton-colorPrimary MuiButton-root MuiButton-contained MuiButton-containedPrimary MuiButton-sizeMedium MuiButton-containedSizeMedium MuiButton-colorPrimary css-1abvrni-MuiButtonBase-root-MuiButton-root"
                      tabindex="0"
                      type="button"
                    >
                      <svg
                        aria-hidden="true"
                        class="MuiSvgIcon-root MuiSvgIcon-fontSizeMedium css-1umw9bq-MuiSvgIcon-root"
                        data-testid="EditIcon"
                        focusable="false"
                        viewBox="0 0 24 24"
                      >
                        <path
                          d="M3 17.25V21h3.75L17.81 9.94l-3.75-3.75zM20.71 7.04c.39-.39.39-1.02 0-1.41l-2.34-2.34a.996.996 0 0 0-1.41 0l-1.83 1.83 3.75 3.75z"
                        />
                      </svg>
                    </button>
                  </div>
                </div>
              </div>
            </div>
          </div>
          <div>
            <div
              class="MuiPaper-root MuiPaper-elevation MuiPaper-rounded MuiPaper-elevation1 MuiCard-root css-a5vkra-MuiPaper-root-MuiCard-root"
              style="--Paper-shadow: 0px 2px 1px -1px rgba(0,0,0,0.2),0px 1px 1px 0px rgba(0,0,0,0.14),0px 1px 3px 0px rgba(0,0,0,0.12);"
            >
              <div
                class="MuiCardContent-root css-13dhnfz-MuiCardContent-root"
              >
                <h5
                  class="MuiTypography-root MuiTypography-h5 css-1oizlrc-MuiTypography-root"
                >
                  hello1
                </h5>
                <div
                  class="MuiStack-root css-1wcha3e-MuiStack-root"
                >
                  <p
                    class="MuiTypography-root MuiTypography-body1 css-iwwj6k-MuiTypography-root"
                  >
                    #uuu
                  </p>
                  <p
                    class="MuiTypography-root MuiTypography-body1 css-iwwj6k-MuiTypography-root"
                  >
                    #uid
                  </p>
                  <p
                    class="MuiTypography-root MuiTypography-body1 css-iwwj6k-MuiTypography-root"
                  >
                    #hey
                  </p>
                </div>
                <p
                  class="MuiTypography-root MuiTypography-body1 css-5rw2u6-MuiTypography-root"
                >
                  this is description
                </p>
                <div
                  class="MuiBox-root css-14s011l"
                >
                  <div
                    class="MuiStack-root css-iq4xaw-MuiStack-root"
                  >
                    <button
                      class="MuiButtonBase-root MuiButton-root MuiButton-contained MuiButton-containedPrimary MuiButton-sizeMedium MuiButton-containedSizeMedium MuiButton-colorPrimary MuiButton-root MuiButton-contained MuiButton-containedPrimary MuiButton-sizeMedium MuiButton-containedSizeMedium MuiButton-colorPrimary css-1abvrni-MuiButtonBase-root-MuiButton-root"
                      tabindex="0"
                      type="button"
                    >
                      <svg
                        aria-hidden="true"
                        class="MuiSvgIcon-root MuiSvgIcon-fontSizeMedium css-1umw9bq-MuiSvgIcon-root"
                        data-testid="DeleteIcon"
                        focusable="false"
                        viewBox="0 0 24 24"
                      >
                        <path
                          d="M6 19c0 1.1.9 2 2 2h8c1.1 0 2-.9 2-2V7H6zM19 4h-3.5l-1-1h-5l-1 1H5v2h14z"
                        />
                      </svg>
                    </button>
                    <button
                      class="MuiButtonBase-root MuiButton-root MuiButton-contained MuiButton-containedPrimary MuiButton-sizeMedium MuiButton-containedSizeMedium MuiButton-colorPrimary MuiButton-root MuiButton-contained MuiButton-containedPrimary MuiButton-sizeMedium MuiButton-containedSizeMedium MuiButton-colorPrimary css-1abvrni-MuiButtonBase-root-MuiButton-root"
                      tabindex="0"
                      type="button"
                    >
                      <svg
                        aria-hidden="true"
                        class="MuiSvgIcon-root MuiSvgIcon-fontSizeMedium css-1umw9bq-MuiSvgIcon-root"
                        data-testid="EditIcon"
                        focusable="false"
                        viewBox="0 0 24 24"
                      >
                        <path
                          d="M3 17.25V21h3.75L17.81 9.94l-3.75-3.75zM20.71 7.04c.39-.39.39-1.02 0-1.41l-2.34-2.34a.996.996 0 0 0-1.41 0l-1.83 1.83 3.75 3.75z"
                        />
                      </svg>
                    </button>
                  </div>
                </div>
              </div>
            </div>
          </div>
          <div>
            <div
              class="MuiPaper-root MuiPaper-elevation MuiPaper-rounded MuiPaper-elevation1 MuiCard-root css-a5vkra-MuiPaper-root-MuiCard-root"
              style="--Paper-shadow: 0px 2px 1px -1px rgba(0,0,0,0.2),0px 1px 1px 0px rgba(0,0,0,0.14),0px 1px 3px 0px rgba(0,0,0,0.12);"
            >
              <div
                class="MuiCardContent-root css-13dhnfz-MuiCardContent-root"
              >
                <h5
                  class="MuiTypography-root MuiTypography-h5 css-1oizlrc-MuiTypography-root"
                >
                  hello8
                </h5>
                <div
                  class="MuiStack-root css-1wcha3e-MuiStack-root"
                >
                  <p
                    class="MuiTypography-root MuiTypography-body1 css-iwwj6k-MuiTypography-root"
                  >
                    #hello
                  </p>
                  <p
                    class="MuiTypography-root MuiTypography-body1 css-iwwj6k-MuiTypography-root"
                  >
                    #aaa
                  </p>
                  <p
                    class="MuiTypography-root MuiTypography-body1 css-iwwj6k-MuiTypography-root"
                  >
                    #gummy
                  </p>
                </div>
                <p
                  class="MuiTypography-root MuiTypography-body1 css-5rw2u6-MuiTypography-root"
                >
                  this is description
                </p>
                <div
                  class="MuiBox-root css-14s011l"
                >
                  <div
                    class="MuiStack-root css-iq4xaw-MuiStack-root"
                  >
                    <button
                      class="MuiButtonBase-root MuiButton-root MuiButton-contained MuiButton-containedPrimary MuiButton-sizeMedium MuiButton-containedSizeMedium MuiButton-colorPrimary MuiButton-root MuiButton-contained MuiButton-containedPrimary MuiButton-sizeMedium MuiButton-containedSizeMedium MuiButton-colorPrimary css-1abvrni-MuiButtonBase-root-MuiButton-root"
                      tabindex="0"
                      type="button"
                    >
                      <svg
                        aria-hidden="true"
                        class="MuiSvgIcon-root MuiSvgIcon-fontSizeMedium css-1umw9bq-MuiSvgIcon-root"
                        data-testid="DeleteIcon"
                        focusable="false"
                        viewBox="0 0 24 24"
                      >
                        <path
                          d="M6 19c0 1.1.9 2 2 2h8c1.1 0 2-.9 2-2V7H6zM19 4h-3.5l-1-1h-5l-1 1H5v2h14z"
                        />
                      </svg>
                    </button>
                    <button
                      class="MuiButtonBase-root MuiButton-root MuiButton-contained MuiButton-containedPrimary MuiButton-sizeMedium MuiButton-containedSizeMedium MuiButton-colorPrimary MuiButton-root MuiButton-contained MuiButton-containedPrimary MuiButton-sizeMedium MuiButton-containedSizeMedium MuiButton-colorPrimary css-1abvrni-MuiButtonBase-root-MuiButton-root"
                      tabindex="0"
                      type="button"
                    >
                      <svg
                        aria-hidden="true"
                        class="MuiSvgIcon-root MuiSvgIcon-fontSizeMedium css-1umw9bq-MuiSvgIcon-root"
                        data-testid="EditIcon"
                        focusable="false"
                        viewBox="0 0 24 24"
                      >
                        <path
                          d="M3 17.25V21h3.75L17.81 9.94l-3.75-3.75zM20.71 7.04c.39-.39.39-1.02 0-1.41l-2.34-2.34a.996.996 0 0 0-1.41 0l-1.83 1.83 3.75 3.75z"
                        />
                      </svg>
                    </button>
                  </div>
                </div>
              </div>
            </div>
          </div>
          <div>
            <div
              class="MuiPaper-root MuiPaper-elevation MuiPaper-rounded MuiPaper-elevation1 MuiCard-root css-a5vkra-MuiPaper-root-MuiCard-root"
              style="--Paper-shadow: 0px 2px 1px -1px rgba(0,0,0,0.2),0px 1px 1px 0px rgba(0,0,0,0.14),0px 1px 3px 0px rgba(0,0,0,0.12);"
            >
              <div
                class="MuiCardContent-root css-13dhnfz-MuiCardContent-root"
              >
                <h5
                  class="MuiTypography-root MuiTypography-h5 css-1oizlrc-MuiTypography-root"
                >
                  hello1
                </h5>
                <div
                  class="MuiStack-root css-1wcha3e-MuiStack-root"
                >
                  <p
                    class="MuiTypography-root MuiTypography-body1 css-iwwj6k-MuiTypography-root"
                  >
                    #abc
                  </p>
                  <p
                    class="MuiTypography-root MuiTypography-body1 css-iwwj6k-MuiTypography-root"
                  >
                    #aaa
                  </p>
                  <p
                    class="MuiTypography-root MuiTypography-body1 css-iwwj6k-MuiTypography-root"
                  >
                    #hey
                  </p>
                </div>
                <p
                  class="MuiTypography-root MuiTypography-body1 css-5rw2u6-MuiTypography-root"
                >
                  this is description
                </p>
                <div
                  class="MuiBox-root css-14s011l"
                >
                  <div
                    class="MuiStack-root css-iq4xaw-MuiStack-root"
                  >
                    <button
                      class="MuiButtonBase-root MuiButton-root MuiButton-contained MuiButton-containedPrimary MuiButton-sizeMedium MuiButton-containedSizeMedium MuiButton-colorPrimary MuiButton-root MuiButton-contained MuiButton-containedPrimary MuiButton-sizeMedium MuiButton-containedSizeMedium MuiButton-colorPrimary css-1abvrni-MuiButtonBase-root-MuiButton-root"
                      tabindex="0"
                      type="button"
                    >
                      <svg
                        aria-hidden="true"
                        class="MuiSvgIcon-root MuiSvgIcon-fontSizeMedium css-1umw9bq-MuiSvgIcon-root"
                        data-testid="DeleteIcon"
                        focusable="false"
                        viewBox="0 0 24 24"
                      >
                        <path
                          d="M6 19c0 1.1.9 2 2 2h8c1.1 0 2-.9 2-2V7H6zM19 4h-3.5l-1-1h-5l-1 1H5v2h14z"
                        />
                      </svg>
                    </button>
                    <button
                      class="MuiButtonBase-root MuiButton-root MuiButton-contained MuiButton-containedPrimary MuiButton-sizeMedium MuiButton-containedSizeMedium MuiButton-colorPrimary MuiButton-root MuiButton-contained MuiButton-containedPrimary MuiButton-sizeMedium MuiButton-containedSizeMedium MuiButton-colorPrimary css-1abvrni-MuiButtonBase-root-MuiButton-root"
                      tabindex="0"
                      type="button"
                    >
                      <svg
                        aria-hidden="true"
                        class="MuiSvgIcon-root MuiSvgIcon-fontSizeMedium css-1umw9bq-MuiSvgIcon-root"
                        data-testid="EditIcon"
                        focusable="false"
                        viewBox="0 0 24 24"
                      >
                        <path
                          d="M3 17.25V21h3.75L17.81 9.94l-3.75-3.75zM20.71 7.04c.39-.39.39-1.02 0-1.41l-2.34-2.34a.996.996 0 0 0-1.41 0l-1.83 1.83 3.75 3.75z"
                        />
                      </svg>
                    </button>
                  </div>
                </div>
              </div>
            </div>
          </div>
          <div>
            <div
              class="MuiPaper-root MuiPaper-elevation MuiPaper-rounded MuiPaper-elevation1 MuiCard-root css-a5vkra-MuiPaper-root-MuiCard-root"
              style="--Paper-shadow: 0px 2px 1px -1px rgba(0,0,0,0.2),0px 1px 1px 0px rgba(0,0,0,0.14),0px 1px 3px 0px rgba(0,0,0,0.12);"
            >
              <div
                class="MuiCardContent-root css-13dhnfz-MuiCardContent-root"
              >
                <h5
                  class="MuiTypography-root MuiTypography-h5 css-1oizlrc-MuiTypography-root"
                >
                  hello6
                </h5>
                <div
                  class="MuiStack-root css-1wcha3e-MuiStack-root"
                >
                  <p
                    class="MuiTypography-root MuiTypography-body1 css-iwwj6k-MuiTypography-root"
                  >
                    #todo
                  </p>
                  <p
                    class="MuiTypography-root MuiTypography-body1 css-iwwj6k-MuiTypography-root"
                  >
                    #typescript
                  </p>
                  <p
                    class="MuiTypography-root MuiTypography-body1 css-iwwj6k-MuiTypography-root"
                  >
                    #hey
                  </p>
                </div>
                <p
                  class="MuiTypography-root MuiTypography-body1 css-5rw2u6-MuiTypography-root"
                >
                  this is description
                </p>
                <div
                  class="MuiBox-root css-14s011l"
                >
                  <div
                    class="MuiStack-root css-iq4xaw-MuiStack-root"
                  >
                    <button
                      class="MuiButtonBase-root MuiButton-root MuiButton-contained MuiButton-containedPrimary MuiButton-sizeMedium MuiButton-containedSizeMedium MuiButton-colorPrimary MuiButton-root MuiButton-contained MuiButton-containedPrimary MuiButton-sizeMedium MuiButton-containedSizeMedium MuiButton-colorPrimary css-1abvrni-MuiButtonBase-root-MuiButton-root"
                      tabindex="0"
                      type="button"
                    >
                      <svg
                        aria-hidden="true"
                        class="MuiSvgIcon-root MuiSvgIcon-fontSizeMedium css-1umw9bq-MuiSvgIcon-root"
                        data-testid="DeleteIcon"
                        focusable="false"
                        viewBox="0 0 24 24"
                      >
                        <path
                          d="M6 19c0 1.1.9 2 2 2h8c1.1 0 2-.9 2-2V7H6zM19 4h-3.5l-1-1h-5l-1 1H5v2h14z"
                        />
                      </svg>
                    </button>
                    <button
                      class="MuiButtonBase-root MuiButton-root MuiButton-contained MuiButton-containedPrimary MuiButton-sizeMedium MuiButton-containedSizeMedium MuiButton-colorPrimary MuiButton-root MuiButton-contained MuiButton-containedPrimary MuiButton-sizeMedium MuiButton-containedSizeMedium MuiButton-colorPrimary css-1abvrni-MuiButtonBase-root-MuiButton-root"
                      tabindex="0"
                      type="button"
                    >
                      <svg
                        aria-hidden="true"
                        class="MuiSvgIcon-root MuiSvgIcon-fontSizeMedium css-1umw9bq-MuiSvgIcon-root"
                        data-testid="EditIcon"
                        focusable="false"
                        viewBox="0 0 24 24"
                      >
                        <path
                          d="M3 17.25V21h3.75L17.81 9.94l-3.75-3.75zM20.71 7.04c.39-.39.39-1.02 0-1.41l-2.34-2.34a.996.996 0 0 0-1.41 0l-1.83 1.83 3.75 3.75z"
                        />
                      </svg>
                    </button>
                  </div>
                </div>
              </div>
            </div>
          </div>
          <div>
            <div
              class="MuiPaper-root MuiPaper-elevation MuiPaper-rounded MuiPaper-elevation1 MuiCard-root css-a5vkra-MuiPaper-root-MuiCard-root"
              style="--Paper-shadow: 0px 2px 1px -1px rgba(0,0,0,0.2),0px 1px 1px 0px rgba(0,0,0,0.14),0px 1px 3px 0px rgba(0,0,0,0.12);"
            >
              <div
                class="MuiCardContent-root css-13dhnfz-MuiCardContent-root"
              >
                <h5
                  class="MuiTypography-root MuiTypography-h5 css-1oizlrc-MuiTypography-root"
                >
                  hello2
                </h5>
                <div
                  class="MuiStack-root css-1wcha3e-MuiStack-root"
                >
                  <p
                    class="MuiTypography-root MuiTypography-body1 css-iwwj6k-MuiTypography-root"
                  >
                    #todo
                  </p>
                  <p
                    class="MuiTypography-root MuiTypography-body1 css-iwwj6k-MuiTypography-root"
                  >
                    #ass
                  </p>
                  <p
                    class="MuiTypography-root MuiTypography-body1 css-iwwj6k-MuiTypography-root"
                  >
                    #hey
                  </p>
                </div>
                <p
                  class="MuiTypography-root MuiTypography-body1 css-5rw2u6-MuiTypography-root"
                >
                  this is description
                </p>
                <div
                  class="MuiBox-root css-14s011l"
                >
                  <div
                    class="MuiStack-root css-iq4xaw-MuiStack-root"
                  >
                    <button
                      class="MuiButtonBase-root MuiButton-root MuiButton-contained MuiButton-containedPrimary MuiButton-sizeMedium MuiButton-containedSizeMedium MuiButton-colorPrimary MuiButton-root MuiButton-contained MuiButton-containedPrimary MuiButton-sizeMedium MuiButton-containedSizeMedium MuiButton-colorPrimary css-1abvrni-MuiButtonBase-root-MuiButton-root"
                      tabindex="0"
                      type="button"
                    >
                      <svg
                        aria-hidden="true"
                        class="MuiSvgIcon-root MuiSvgIcon-fontSizeMedium css-1umw9bq-MuiSvgIcon-root"
                        data-testid="DeleteIcon"
                        focusable="false"
                        viewBox="0 0 24 24"
                      >
                        <path
                          d="M6 19c0 1.1.9 2 2 2h8c1.1 0 2-.9 2-2V7H6zM19 4h-3.5l-1-1h-5l-1 1H5v2h14z"
                        />
                      </svg>
                    </button>
                    <button
                      class="MuiButtonBase-root MuiButton-root MuiButton-contained MuiButton-containedPrimary MuiButton-sizeMedium MuiButton-containedSizeMedium MuiButton-colorPrimary MuiButton-root MuiButton-contained MuiButton-containedPrimary MuiButton-sizeMedium MuiButton-containedSizeMedium MuiButton-colorPrimary css-1abvrni-MuiButtonBase-root-MuiButton-root"
                      tabindex="0"
                      type="button"
                    >
                      <svg
                        aria-hidden="true"
                        class="MuiSvgIcon-root MuiSvgIcon-fontSizeMedium css-1umw9bq-MuiSvgIcon-root"
                        data-testid="EditIcon"
                        focusable="false"
                        viewBox="0 0 24 24"
                      >
                        <path
                          d="M3 17.25V21h3.75L17.81 9.94l-3.75-3.75zM20.71 7.04c.39-.39.39-1.02 0-1.41l-2.34-2.34a.996.996 0 0 0-1.41 0l-1.83 1.83 3.75 3.75z"
                        />
                      </svg>
                    </button>
                  </div>
                </div>
              </div>
            </div>
          </div>
          <div>
            <div
              class="MuiPaper-root MuiPaper-elevation MuiPaper-rounded MuiPaper-elevation1 MuiCard-root css-a5vkra-MuiPaper-root-MuiCard-root"
              style="--Paper-shadow: 0px 2px 1px -1px rgba(0,0,0,0.2),0px 1px 1px 0px rgba(0,0,0,0.14),0px 1px 3px 0px rgba(0,0,0,0.12);"
            >
              <div
                class="MuiCardContent-root css-13dhnfz-MuiCardContent-root"
              >
                <h5
                  class="MuiTypography-root MuiTypography-h5 css-1oizlrc-MuiTypography-root"
                >
                  hello3
                </h5>
                <div
                  class="MuiStack-root css-1wcha3e-MuiStack-root"
                >
                  <p
                    class="MuiTypography-root MuiTypography-body1 css-iwwj6k-MuiTypography-root"
                  >
                    #abcde
                  </p>
                  <p
                    class="MuiTypography-root MuiTypography-body1 css-iwwj6k-MuiTypography-root"
                  >
                    #uuid
                  </p>
                  <p
                    class="MuiTypography-root MuiTypography-body1 css-iwwj6k-MuiTypography-root"
                  >
                    #hey
                  </p>
                </div>
                <p
                  class="MuiTypography-root MuiTypography-body1 css-5rw2u6-MuiTypography-root"
                >
                  this is description
                </p>
                <div
                  class="MuiBox-root css-14s011l"
                >
                  <div
                    class="MuiStack-root css-iq4xaw-MuiStack-root"
                  >
                    <button
                      class="MuiButtonBase-root MuiButton-root MuiButton-contained MuiButton-containedPrimary MuiButton-sizeMedium MuiButton-containedSizeMedium MuiButton-colorPrimary MuiButton-root MuiButton-contained MuiButton-containedPrimary MuiButton-sizeMedium MuiButton-containedSizeMedium MuiButton-colorPrimary css-1abvrni-MuiButtonBase-root-MuiButton-root"
                      tabindex="0"
                      type="button"
                    >
                      <svg
                        aria-hidden="true"
                        class="MuiSvgIcon-root MuiSvgIcon-fontSizeMedium css-1umw9bq-MuiSvgIcon-root"
                        data-testid="DeleteIcon"
                        focusable="false"
                        viewBox="0 0 24 24"
                      >
                        <path
                          d="M6 19c0 1.1.9 2 2 2h8c1.1 0 2-.9 2-2V7H6zM19 4h-3.5l-1-1h-5l-1 1H5v2h14z"
                        />
                      </svg>
                    </button>
                    <button
                      class="MuiButtonBase-root MuiButton-root MuiButton-contained MuiButton-containedPrimary MuiButton-sizeMedium MuiButton-containedSizeMedium MuiButton-colorPrimary MuiButton-root MuiButton-contained MuiButton-containedPrimary MuiButton-sizeMedium MuiButton-containedSizeMedium MuiButton-colorPrimary css-1abvrni-MuiButtonBase-root-MuiButton-root"
                      tabindex="0"
                      type="button"
                    >
                      <svg
                        aria-hidden="true"
                        class="MuiSvgIcon-root MuiSvgIcon-fontSizeMedium css-1umw9bq-MuiSvgIcon-root"
                        data-testid="EditIcon"
                        focusable="false"
                        viewBox="0 0 24 24"
                      >
                        <path
                          d="M3 17.25V21h3.75L17.81 9.94l-3.75-3.75zM20.71 7.04c.39-.39.39-1.02 0-1.41l-2.34-2.34a.996.996 0 0 0-1.41 0l-1.83 1.83 3.75 3.75z"
                        />
                      </svg>
                    </button>
                  </div>
                </div>
              </div>
            </div>
          </div>
          <div>
            <div
              class="MuiPaper-root MuiPaper-elevation MuiPaper-rounded MuiPaper-elevation1 MuiCard-root css-a5vkra-MuiPaper-root-MuiCard-root"
              style="--Paper-shadow: 0px 2px 1px -1px rgba(0,0,0,0.2),0px 1px 1px 0px rgba(0,0,0,0.14),0px 1px 3px 0px rgba(0,0,0,0.12);"
            >
              <div
                class="MuiCardContent-root css-13dhnfz-MuiCardContent-root"
              >
                <h5
                  class="MuiTypography-root MuiTypography-h5 css-1oizlrc-MuiTypography-root"
                >
                  hello5
                </h5>
                <div
                  class="MuiStack-root css-1wcha3e-MuiStack-root"
                >
                  <p
                    class="MuiTypography-root MuiTypography-body1 css-iwwj6k-MuiTypography-root"
                  >
                    #uuu
                  </p>
                  <p
                    class="MuiTypography-root MuiTypography-body1 css-iwwj6k-MuiTypography-root"
                  >
                    #uid
                  </p>
                  <p
                    class="MuiTypography-root MuiTypography-body1 css-iwwj6k-MuiTypography-root"
                  >
                    #hey
                  </p>
                </div>
                <p
                  class="MuiTypography-root MuiTypography-body1 css-5rw2u6-MuiTypography-root"
                >
                  this is description
                </p>
                <div
                  class="MuiBox-root css-14s011l"
                >
                  <div
                    class="MuiStack-root css-iq4xaw-MuiStack-root"
                  >
                    <button
                      class="MuiButtonBase-root MuiButton-root MuiButton-contained MuiButton-containedPrimary MuiButton-sizeMedium MuiButton-containedSizeMedium MuiButton-colorPrimary MuiButton-root MuiButton-contained MuiButton-containedPrimary MuiButton-sizeMedium MuiButton-containedSizeMedium MuiButton-colorPrimary css-1abvrni-MuiButtonBase-root-MuiButton-root"
                      tabindex="0"
                      type="button"
                    >
                      <svg
                        aria-hidden="true"
                        class="MuiSvgIcon-root MuiSvgIcon-fontSizeMedium css-1umw9bq-MuiSvgIcon-root"
                        data-testid="DeleteIcon"
                        focusable="false"
                        viewBox="0 0 24 24"
                      >
                        <path
                          d="M6 19c0 1.1.9 2 2 2h8c1.1 0 2-.9 2-2V7H6zM19 4h-3.5l-1-1h-5l-1 1H5v2h14z"
                        />
                      </svg>
                    </button>
                    <button
                      class="MuiButtonBase-root MuiButton-root MuiButton-contained MuiButton-containedPrimary MuiButton-sizeMedium MuiButton-containedSizeMedium MuiButton-colorPrimary MuiButton-root MuiButton-contained MuiButton-containedPrimary MuiButton-sizeMedium MuiButton-containedSizeMedium MuiButton-colorPrimary css-1abvrni-MuiButtonBase-root-MuiButton-root"
                      tabindex="0"
                      type="button"
                    >
                      <svg
                        aria-hidden="true"
                        class="MuiSvgIcon-root MuiSvgIcon-fontSizeMedium css-1umw9bq-MuiSvgIcon-root"
                        data-testid="EditIcon"
                        focusable="false"
                        viewBox="0 0 24 24"
                      >
                        <path
                          d="M3 17.25V21h3.75L17.81 9.94l-3.75-3.75zM20.71 7.04c.39-.39.39-1.02 0-1.41l-2.34-2.34a.996.996 0 0 0-1.41 0l-1.83 1.83 3.75 3.75z"
                        />
                      </svg>
                    </button>
                  </div>
                </div>
              </div>
            </div>
          </div>
          <div>
            <div
              class="MuiPaper-root MuiPaper-elevation MuiPaper-rounded MuiPaper-elevation1 MuiCard-root css-a5vkra-MuiPaper-root-MuiCard-root"
              style="--Paper-shadow: 0px 2px 1px -1px rgba(0,0,0,0.2),0px 1px 1px 0px rgba(0,0,0,0.14),0px 1px 3px 0px rgba(0,0,0,0.12);"
            >
              <div
                class="MuiCardContent-root css-13dhnfz-MuiCardContent-root"
              >
                <h5
                  class="MuiTypography-root MuiTypography-h5 css-1oizlrc-MuiTypography-root"
                >
                  hello9
                </h5>
                <div
                  class="MuiStack-root css-1wcha3e-MuiStack-root"
                >
                  <p
                    class="MuiTypography-root MuiTypography-body1 css-iwwj6k-MuiTypography-root"
                  >
                    #uuu
                  </p>
                  <p
                    class="MuiTypography-root MuiTypography-body1 css-iwwj6k-MuiTypography-root"
                  >
                    #uid
                  </p>
                  <p
                    class="MuiTypography-root MuiTypography-body1 css-iwwj6k-MuiTypography-root"
                  >
                    #hey
                  </p>
                </div>
                <p
                  class="MuiTypography-root MuiTypography-body1 css-5rw2u6-MuiTypography-root"
                >
                  this is description
                </p>
                <div
                  class="MuiBox-root css-14s011l"
                >
                  <div
                    class="MuiStack-root css-iq4xaw-MuiStack-root"
                  >
                    <button
                      class="MuiButtonBase-root MuiButton-root MuiButton-contained MuiButton-containedPrimary MuiButton-sizeMedium MuiButton-containedSizeMedium MuiButton-colorPrimary MuiButton-root MuiButton-contained MuiButton-containedPrimary MuiButton-sizeMedium MuiButton-containedSizeMedium MuiButton-colorPrimary css-1abvrni-MuiButtonBase-root-MuiButton-root"
                      tabindex="0"
                      type="button"
                    >
                      <svg
                        aria-hidden="true"
                        class="MuiSvgIcon-root MuiSvgIcon-fontSizeMedium css-1umw9bq-MuiSvgIcon-root"
                        data-testid="DeleteIcon"
                        focusable="false"
                        viewBox="0 0 24 24"
                      >
                        <path
                          d="M6 19c0 1.1.9 2 2 2h8c1.1 0 2-.9 2-2V7H6zM19 4h-3.5l-1-1h-5l-1 1H5v2h14z"
                        />
                      </svg>
                    </button>
                    <button
                      class="MuiButtonBase-root MuiButton-root MuiButton-contained MuiButton-containedPrimary MuiButton-sizeMedium MuiButton-containedSizeMedium MuiButton-colorPrimary MuiButton-root MuiButton-contained MuiButton-containedPrimary MuiButton-sizeMedium MuiButton-containedSizeMedium MuiButton-colorPrimary css-1abvrni-MuiButtonBase-root-MuiButton-root"
                      tabindex="0"
                      type="button"
                    >
                      <svg
                        aria-hidden="true"
                        class="MuiSvgIcon-root MuiSvgIcon-fontSizeMedium css-1umw9bq-MuiSvgIcon-root"
                        data-testid="EditIcon"
                        focusable="false"
                        viewBox="0 0 24 24"
                      >
                        <path
                          d="M3 17.25V21h3.75L17.81 9.94l-3.75-3.75zM20.71 7.04c.39-.39.39-1.02 0-1.41l-2.34-2.34a.996.996 0 0 0-1.41 0l-1.83 1.83 3.75 3.75z"
                        />
                      </svg>
                    </button>
                  </div>
                </div>
              </div>
            </div>
          </div>
          <div>
            <div
              class="MuiPaper-root MuiPaper-elevation MuiPaper-rounded MuiPaper-elevation1 MuiCard-root css-a5vkra-MuiPaper-root-MuiCard-root"
              style="--Paper-shadow: 0px 2px 1px -1px rgba(0,0,0,0.2),0px 1px 1px 0px rgba(0,0,0,0.14),0px 1px 3px 0px rgba(0,0,0,0.12);"
            >
              <div
                class="MuiCardContent-root css-13dhnfz-MuiCardContent-root"
              >
                <h5
                  class="MuiTypography-root MuiTypography-h5 css-1oizlrc-MuiTypography-root"
                >
                  hello6
                </h5>
                <div
                  class="MuiStack-root css-1wcha3e-MuiStack-root"
                >
                  <p
                    class="MuiTypography-root MuiTypography-body1 css-iwwj6k-MuiTypography-root"
                  >
                    #todo
                  </p>
                  <p
                    class="MuiTypography-root MuiTypography-body1 css-iwwj6k-MuiTypography-root"
                  >
                    #typescript
                  </p>
                  <p
                    class="MuiTypography-root MuiTypography-body1 css-iwwj6k-MuiTypography-root"
                  >
                    #hey
                  </p>
                </div>
                <p
                  class="MuiTypography-root MuiTypography-body1 css-5rw2u6-MuiTypography-root"
                >
                  this is description
                </p>
                <div
                  class="MuiBox-root css-14s011l"
                >
                  <div
                    class="MuiStack-root css-iq4xaw-MuiStack-root"
                  >
                    <button
                      class="MuiButtonBase-root MuiButton-root MuiButton-contained MuiButton-containedPrimary MuiButton-sizeMedium MuiButton-containedSizeMedium MuiButton-colorPrimary MuiButton-root MuiButton-contained MuiButton-containedPrimary MuiButton-sizeMedium MuiButton-containedSizeMedium MuiButton-colorPrimary css-1abvrni-MuiButtonBase-root-MuiButton-root"
                      tabindex="0"
                      type="button"
                    >
                      <svg
                        aria-hidden="true"
                        class="MuiSvgIcon-root MuiSvgIcon-fontSizeMedium css-1umw9bq-MuiSvgIcon-root"
                        data-testid="DeleteIcon"
                        focusable="false"
                        viewBox="0 0 24 24"
                      >
                        <path
                          d="M6 19c0 1.1.9 2 2 2h8c1.1 0 2-.9 2-2V7H6zM19 4h-3.5l-1-1h-5l-1 1H5v2h14z"
                        />
                      </svg>
                    </button>
                    <button
                      class="MuiButtonBase-root MuiButton-root MuiButton-contained MuiButton-containedPrimary MuiButton-sizeMedium MuiButton-containedSizeMedium MuiButton-colorPrimary MuiButton-root MuiButton-contained MuiButton-containedPrimary MuiButton-sizeMedium MuiButton-containedSizeMedium MuiButton-colorPrimary css-1abvrni-MuiButtonBase-root-MuiButton-root"
                      tabindex="0"
                      type="button"
                    >
                      <svg
                        aria-hidden="true"
                        class="MuiSvgIcon-root MuiSvgIcon-fontSizeMedium css-1umw9bq-MuiSvgIcon-root"
                        data-testid="EditIcon"
                        focusable="false"
                        viewBox="0 0 24 24"
                      >
                        <path
                          d="M3 17.25V21h3.75L17.81 9.94l-3.75-3.75zM20.71 7.04c.39-.39.39-1.02 0-1.41l-2.34-2.34a.996.996 0 0 0-1.41 0l-1.83 1.83 3.75 3.75z"
                        />
                      </svg>
                    </button>
                  </div>
                </div>
              </div>
            </div>
          </div>
          <div>
            <div
              class="MuiPaper-root MuiPaper-elevation MuiPaper-rounded MuiPaper-elevation1 MuiCard-root css-a5vkra-MuiPaper-root-MuiCard-root"
              style="--Paper-shadow: 0px 2px 1px -1px rgba(0,0,0,0.2),0px 1px 1px 0px rgba(0,0,0,0.14),0px 1px 3px 0px rgba(0,0,0,0.12);"
            >
              <div
                class="MuiCardContent-root css-13dhnfz-MuiCardContent-root"
              >
                <h5
                  class="MuiTypography-root MuiTypography-h5 css-1oizlrc-MuiTypography-root"
                >
                  hello6
                </h5>
                <div
                  class="MuiStack-root css-1wcha3e-MuiStack-root"
                >
                  <p
                    class="MuiTypography-root MuiTypography-body1 css-iwwj6k-MuiTypography-root"
                  >
                    #todo
                  </p>
                  <p
                    class="MuiTypography-root MuiTypography-body1 css-iwwj6k-MuiTypography-root"
                  >
                    #typescript
                  </p>
                  <p
                    class="MuiTypography-root MuiTypography-body1 css-iwwj6k-MuiTypography-root"
                  >
                    #hey
                  </p>
                </div>
                <p
                  class="MuiTypography-root MuiTypography-body1 css-5rw2u6-MuiTypography-root"
                >
                  this is description
                </p>
                <div
                  class="MuiBox-root css-14s011l"
                >
                  <div
                    class="MuiStack-root css-iq4xaw-MuiStack-root"
                  >
                    <button
                      class="MuiButtonBase-root MuiButton-root MuiButton-contained MuiButton-containedPrimary MuiButton-sizeMedium MuiButton-containedSizeMedium MuiButton-colorPrimary MuiButton-root MuiButton-contained MuiButton-containedPrimary MuiButton-sizeMedium MuiButton-containedSizeMedium MuiButton-colorPrimary css-1abvrni-MuiButtonBase-root-MuiButton-root"
                      tabindex="0"
                      type="button"
                    >
                      <svg
                        aria-hidden="true"
                        class="MuiSvgIcon-root MuiSvgIcon-fontSizeMedium css-1umw9bq-MuiSvgIcon-root"
                        data-testid="DeleteIcon"
                        focusable="false"
                        viewBox="0 0 24 24"
                      >
                        <path
                          d="M6 19c0 1.1.9 2 2 2h8c1.1 0 2-.9 2-2V7H6zM19 4h-3.5l-1-1h-5l-1 1H5v2h14z"
                        />
                      </svg>
                    </button>
                    <button
                      class="MuiButtonBase-root MuiButton-root MuiButton-contained MuiButton-containedPrimary MuiButton-sizeMedium MuiButton-containedSizeMedium MuiButton-colorPrimary MuiButton-root MuiButton-contained MuiButton-containedPrimary MuiButton-sizeMedium MuiButton-containedSizeMedium MuiButton-colorPrimary css-1abvrni-MuiButtonBase-root-MuiButton-root"
                      tabindex="0"
                      type="button"
                    >
                      <svg
                        aria-hidden="true"
                        class="MuiSvgIcon-root MuiSvgIcon-fontSizeMedium css-1umw9bq-MuiSvgIcon-root"
                        data-testid="EditIcon"
                        focusable="false"
                        viewBox="0 0 24 24"
                      >
                        <path
                          d="M3 17.25V21h3.75L17.81 9.94l-3.75-3.75zM20.71 7.04c.39-.39.39-1.02 0-1.41l-2.34-2.34a.996.996 0 0 0-1.41 0l-1.83 1.83 3.75 3.75z"
                        />
                      </svg>
                    </button>
                  </div>
                </div>
              </div>
            </div>
          </div>
          <div>
            <div
              class="MuiPaper-root MuiPaper-elevation MuiPaper-rounded MuiPaper-elevation1 MuiCard-root css-a5vkra-MuiPaper-root-MuiCard-root"
              style="--Paper-shadow: 0px 2px 1px -1px rgba(0,0,0,0.2),0px 1px 1px 0px rgba(0,0,0,0.14),0px 1px 3px 0px rgba(0,0,0,0.12);"
            >
              <div
                class="MuiCardContent-root css-13dhnfz-MuiCardContent-root"
              >
                <h5
                  class="MuiTypography-root MuiTypography-h5 css-1oizlrc-MuiTypography-root"
                >
                  hello6
                </h5>
                <div
                  class="MuiStack-root css-1wcha3e-MuiStack-root"
                >
                  <p
                    class="MuiTypography-root MuiTypography-body1 css-iwwj6k-MuiTypography-root"
                  >
                    #todo
                  </p>
                  <p
                    class="MuiTypography-root MuiTypography-body1 css-iwwj6k-MuiTypography-root"
                  >
                    #typescript
                  </p>
                  <p
                    class="MuiTypography-root MuiTypography-body1 css-iwwj6k-MuiTypography-root"
                  >
                    #hey
                  </p>
                </div>
                <p
                  class="MuiTypography-root MuiTypography-body1 css-5rw2u6-MuiTypography-root"
                >
                  this is descriptionthis is descriptionthis is descriptionthis is descriptionthis is descriptionthis is descriptionthis is descriptionthis is descriptionthis is descriptionthis is description
                </p>
                <div
                  class="MuiBox-root css-14s011l"
                >
                  <div
                    class="MuiStack-root css-iq4xaw-MuiStack-root"
                  >
                    <button
                      class="MuiButtonBase-root MuiButton-root MuiButton-contained MuiButton-containedPrimary MuiButton-sizeMedium MuiButton-containedSizeMedium MuiButton-colorPrimary MuiButton-root MuiButton-contained MuiButton-containedPrimary MuiButton-sizeMedium MuiButton-containedSizeMedium MuiButton-colorPrimary css-1abvrni-MuiButtonBase-root-MuiButton-root"
                      tabindex="0"
                      type="button"
                    >
                      <svg
                        aria-hidden="true"
                        class="MuiSvgIcon-root MuiSvgIcon-fontSizeMedium css-1umw9bq-MuiSvgIcon-root"
                        data-testid="DeleteIcon"
                        focusable="false"
                        viewBox="0 0 24 24"
                      >
                        <path
                          d="M6 19c0 1.1.9 2 2 2h8c1.1 0 2-.9 2-2V7H6zM19 4h-3.5l-1-1h-5l-1 1H5v2h14z"
                        />
                      </svg>
                    </button>
                    <button
                      class="MuiButtonBase-root MuiButton-root MuiButton-contained MuiButton-containedPrimary MuiButton-sizeMedium MuiButton-containedSizeMedium MuiButton-colorPrimary MuiButton-root MuiButton-contained MuiButton-containedPrimary MuiButton-sizeMedium MuiButton-containedSizeMedium MuiButton-colorPrimary css-1abvrni-MuiButtonBase-root-MuiButton-root"
                      tabindex="0"
                      type="button"
                    >
                      <svg
                        aria-hidden="true"
                        class="MuiSvgIcon-root MuiSvgIcon-fontSizeMedium css-1umw9bq-MuiSvgIcon-root"
                        data-testid="EditIcon"
                        focusable="false"
                        viewBox="0 0 24 24"
                      >
                        <path
                          d="M3 17.25V21h3.75L17.81 9.94l-3.75-3.75zM20.71 7.04c.39-.39.39-1.02 0-1.41l-2.34-2.34a.996.996 0 0 0-1.41 0l-1.83 1.83 3.75 3.75z"
                        />
                      </svg>
                    </button>
                  </div>
                </div>
              </div>
            </div>
          </div>
          <div>
            <div
              class="MuiPaper-root MuiPaper-elevation MuiPaper-rounded MuiPaper-elevation1 MuiCard-root css-a5vkra-MuiPaper-root-MuiCard-root"
              style="--Paper-shadow: 0px 2px 1px -1px rgba(0,0,0,0.2),0px 1px 1px 0px rgba(0,0,0,0.14),0px 1px 3px 0px rgba(0,0,0,0.12);"
            >
              <div
                class="MuiCardContent-root css-13dhnfz-MuiCardContent-root"
              >
                <h5
                  class="MuiTypography-root MuiTypography-h5 css-1oizlrc-MuiTypography-root"
                >
                  hello6
                </h5>
                <div
                  class="MuiStack-root css-1wcha3e-MuiStack-root"
                >
                  <p
                    class="MuiTypography-root MuiTypography-body1 css-iwwj6k-MuiTypography-root"
                  >
                    #todo
                  </p>
                  <p
                    class="MuiTypography-root MuiTypography-body1 css-iwwj6k-MuiTypography-root"
                  >
                    #typescript
                  </p>
                  <p
                    class="MuiTypography-root MuiTypography-body1 css-iwwj6k-MuiTypography-root"
                  >
                    #hey
                  </p>
                </div>
                <p
                  class="MuiTypography-root MuiTypography-body1 css-5rw2u6-MuiTypography-root"
                >
                  this is description
                </p>
                <div
                  class="MuiBox-root css-14s011l"
                >
                  <div
                    class="MuiStack-root css-iq4xaw-MuiStack-root"
                  >
                    <button
                      class="MuiButtonBase-root MuiButton-root MuiButton-contained MuiButton-containedPrimary MuiButton-sizeMedium MuiButton-containedSizeMedium MuiButton-colorPrimary MuiButton-root MuiButton-contained MuiButton-containedPrimary MuiButton-sizeMedium MuiButton-containedSizeMedium MuiButton-colorPrimary css-1abvrni-MuiButtonBase-root-MuiButton-root"
                      tabindex="0"
                      type="button"
                    >
                      <svg
                        aria-hidden="true"
                        class="MuiSvgIcon-root MuiSvgIcon-fontSizeMedium css-1umw9bq-MuiSvgIcon-root"
                        data-testid="DeleteIcon"
                        focusable="false"
                        viewBox="0 0 24 24"
                      >
                        <path
                          d="M6 19c0 1.1.9 2 2 2h8c1.1 0 2-.9 2-2V7H6zM19 4h-3.5l-1-1h-5l-1 1H5v2h14z"
                        />
                      </svg>
                    </button>
                    <button
                      class="MuiButtonBase-root MuiButton-root MuiButton-contained MuiButton-containedPrimary MuiButton-sizeMedium MuiButton-containedSizeMedium MuiButton-colorPrimary MuiButton-root MuiButton-contained MuiButton-containedPrimary MuiButton-sizeMedium MuiButton-containedSizeMedium MuiButton-colorPrimary css-1abvrni-MuiButtonBase-root-MuiButton-root"
                      tabindex="0"
                      type="button"
                    >
                      <svg
                        aria-hidden="true"
                        class="MuiSvgIcon-root MuiSvgIcon-fontSizeMedium css-1umw9bq-MuiSvgIcon-root"
                        data-testid="EditIcon"
                        focusable="false"
                        viewBox="0 0 24 24"
                      >
                        <path
                          d="M3 17.25V21h3.75L17.81 9.94l-3.75-3.75zM20.71 7.04c.39-.39.39-1.02 0-1.41l-2.34-2.34a.996.996 0 0 0-1.41 0l-1.83 1.83 3.75 3.75z"
                        />
                      </svg>
                    </button>
                  </div>
                </div>
              </div>
            </div>
          </div>
          <div>
            <div
              class="MuiPaper-root MuiPaper-elevation MuiPaper-rounded MuiPaper-elevation1 MuiCard-root css-a5vkra-MuiPaper-root-MuiCard-root"
              style="--Paper-shadow: 0px 2px 1px -1px rgba(0,0,0,0.2),0px 1px 1px 0px rgba(0,0,0,0.14),0px 1px 3px 0px rgba(0,0,0,0.12);"
            >
              <div
                class="MuiCardContent-root css-13dhnfz-MuiCardContent-root"
              >
                <h5
                  class="MuiTypography-root MuiTypography-h5 css-1oizlrc-MuiTypography-root"
                >
                  aa
                </h5>
                <div
                  class="MuiStack-root css-1wcha3e-MuiStack-root"
                >
                  <p
                    class="MuiTypography-root MuiTypography-body1 css-iwwj6k-MuiTypography-root"
                  >
                    #uuu
                  </p>
                  <p
                    class="MuiTypography-root MuiTypography-body1 css-iwwj6k-MuiTypography-root"
                  >
                    #uid
                  </p>
                  <p
                    class="MuiTypography-root MuiTypography-body1 css-iwwj6k-MuiTypography-root"
                  >
                    #hey
                  </p>
                </div>
                <p
                  class="MuiTypography-root MuiTypography-body1 css-5rw2u6-MuiTypography-root"
                >
                  this is description
                </p>
                <div
                  class="MuiBox-root css-14s011l"
                >
                  <div
                    class="MuiStack-root css-iq4xaw-MuiStack-root"
                  >
                    <button
                      class="MuiButtonBase-root MuiButton-root MuiButton-contained MuiButton-containedPrimary MuiButton-sizeMedium MuiButton-containedSizeMedium MuiButton-colorPrimary MuiButton-root MuiButton-contained MuiButton-containedPrimary MuiButton-sizeMedium MuiButton-containedSizeMedium MuiButton-colorPrimary css-1abvrni-MuiButtonBase-root-MuiButton-root"
                      tabindex="0"
                      type="button"
                    >
                      <svg
                        aria-hidden="true"
                        class="MuiSvgIcon-root MuiSvgIcon-fontSizeMedium css-1umw9bq-MuiSvgIcon-root"
                        data-testid="DeleteIcon"
                        focusable="false"
                        viewBox="0 0 24 24"
                      >
                        <path
                          d="M6 19c0 1.1.9 2 2 2h8c1.1 0 2-.9 2-2V7H6zM19 4h-3.5l-1-1h-5l-1 1H5v2h14z"
                        />
                      </svg>
                    </button>
                    <button
                      class="MuiButtonBase-root MuiButton-root MuiButton-contained MuiButton-containedPrimary MuiButton-sizeMedium MuiButton-containedSizeMedium MuiButton-colorPrimary MuiButton-root MuiButton-contained MuiButton-containedPrimary MuiButton-sizeMedium MuiButton-containedSizeMedium MuiButton-colorPrimary css-1abvrni-MuiButtonBase-root-MuiButton-root"
                      tabindex="0"
                      type="button"
                    >
                      <svg
                        aria-hidden="true"
                        class="MuiSvgIcon-root MuiSvgIcon-fontSizeMedium css-1umw9bq-MuiSvgIcon-root"
                        data-testid="EditIcon"
                        focusable="false"
                        viewBox="0 0 24 24"
                      >
                        <path
                          d="M3 17.25V21h3.75L17.81 9.94l-3.75-3.75zM20.71 7.04c.39-.39.39-1.02 0-1.41l-2.34-2.34a.996.996 0 0 0-1.41 0l-1.83 1.83 3.75 3.75z"
                        />
                      </svg>
                    </button>
                  </div>
                </div>
              </div>
            </div>
          </div>
          <div>
            <div
              class="MuiPaper-root MuiPaper-elevation MuiPaper-rounded MuiPaper-elevation1 MuiCard-root css-a5vkra-MuiPaper-root-MuiCard-root"
              style="--Paper-shadow: 0px 2px 1px -1px rgba(0,0,0,0.2),0px 1px 1px 0px rgba(0,0,0,0.14),0px 1px 3px 0px rgba(0,0,0,0.12);"
            >
              <div
                class="MuiCardContent-root css-13dhnfz-MuiCardContent-root"
              >
                <h5
                  class="MuiTypography-root MuiTypography-h5 css-1oizlrc-MuiTypography-root"
                >
                  hhh
                </h5>
                <div
                  class="MuiStack-root css-1wcha3e-MuiStack-root"
                >
                  <p
                    class="MuiTypography-root MuiTypography-body1 css-iwwj6k-MuiTypography-root"
                  >
                    #uuu
                  </p>
                  <p
                    class="MuiTypography-root MuiTypography-body1 css-iwwj6k-MuiTypography-root"
                  >
                    #uid
                  </p>
                  <p
                    class="MuiTypography-root MuiTypography-body1 css-iwwj6k-MuiTypography-root"
                  >
                    #hey
                  </p>
                </div>
                <p
                  class="MuiTypography-root MuiTypography-body1 css-5rw2u6-MuiTypography-root"
                >
                  this is description
                </p>
                <div
                  class="MuiBox-root css-14s011l"
                >
                  <div
                    class="MuiStack-root css-iq4xaw-MuiStack-root"
                  >
                    <button
                      class="MuiButtonBase-root MuiButton-root MuiButton-contained MuiButton-containedPrimary MuiButton-sizeMedium MuiButton-containedSizeMedium MuiButton-colorPrimary MuiButton-root MuiButton-contained MuiButton-containedPrimary MuiButton-sizeMedium MuiButton-containedSizeMedium MuiButton-colorPrimary css-1abvrni-MuiButtonBase-root-MuiButton-root"
                      tabindex="0"
                      type="button"
                    >
                      <svg
                        aria-hidden="true"
                        class="MuiSvgIcon-root MuiSvgIcon-fontSizeMedium css-1umw9bq-MuiSvgIcon-root"
                        data-testid="DeleteIcon"
                        focusable="false"
                        viewBox="0 0 24 24"
                      >
                        <path
                          d="M6 19c0 1.1.9 2 2 2h8c1.1 0 2-.9 2-2V7H6zM19 4h-3.5l-1-1h-5l-1 1H5v2h14z"
                        />
                      </svg>
                    </button>
                    <button
                      class="MuiButtonBase-root MuiButton-root MuiButton-contained MuiButton-containedPrimary MuiButton-sizeMedium MuiButton-containedSizeMedium MuiButton-colorPrimary MuiButton-root MuiButton-contained MuiButton-containedPrimary MuiButton-sizeMedium MuiButton-containedSizeMedium MuiButton-colorPrimary css-1abvrni-MuiButtonBase-root-MuiButton-root"
                      tabindex="0"
                      type="button"
                    >
                      <svg
                        aria-hidden="true"
                        class="MuiSvgIcon-root MuiSvgIcon-fontSizeMedium css-1umw9bq-MuiSvgIcon-root"
                        data-testid="EditIcon"
                        focusable="false"
                        viewBox="0 0 24 24"
                      >
                        <path
                          d="M3 17.25V21h3.75L17.81 9.94l-3.75-3.75zM20.71 7.04c.39-.39.39-1.02 0-1.41l-2.34-2.34a.996.996 0 0 0-1.41 0l-1.83 1.83 3.75 3.75z"
                        />
                      </svg>
                    </button>
                  </div>
                </div>
              </div>
            </div>
          </div>
          <div>
            <div
              class="MuiPaper-root MuiPaper-elevation MuiPaper-rounded MuiPaper-elevation1 MuiCard-root css-a5vkra-MuiPaper-root-MuiCard-root"
              style="--Paper-shadow: 0px 2px 1px -1px rgba(0,0,0,0.2),0px 1px 1px 0px rgba(0,0,0,0.14),0px 1px 3px 0px rgba(0,0,0,0.12);"
            >
              <div
                class="MuiCardContent-root css-13dhnfz-MuiCardContent-root"
              >
                <h5
                  class="MuiTypography-root MuiTypography-h5 css-1oizlrc-MuiTypography-root"
                >
                  hello1
                </h5>
                <div
                  class="MuiStack-root css-1wcha3e-MuiStack-root"
                >
                  <p
                    class="MuiTypography-root MuiTypography-body1 css-iwwj6k-MuiTypography-root"
                  >
                    #uuu
                  </p>
                  <p
                    class="MuiTypography-root MuiTypography-body1 css-iwwj6k-MuiTypography-root"
                  >
                    #uid
                  </p>
                  <p
                    class="MuiTypography-root MuiTypography-body1 css-iwwj6k-MuiTypography-root"
                  >
                    #hey
                  </p>
                </div>
                <p
                  class="MuiTypography-root MuiTypography-body1 css-5rw2u6-MuiTypography-root"
                >
                  this is description
                </p>
                <div
                  class="MuiBox-root css-14s011l"
                >
                  <div
                    class="MuiStack-root css-iq4xaw-MuiStack-root"
                  >
                    <button
                      class="MuiButtonBase-root MuiButton-root MuiButton-contained MuiButton-containedPrimary MuiButton-sizeMedium MuiButton-containedSizeMedium MuiButton-colorPrimary MuiButton-root MuiButton-contained MuiButton-containedPrimary MuiButton-sizeMedium MuiButton-containedSizeMedium MuiButton-colorPrimary css-1abvrni-MuiButtonBase-root-MuiButton-root"
                      tabindex="0"
                      type="button"
                    >
                      <svg
                        aria-hidden="true"
                        class="MuiSvgIcon-root MuiSvgIcon-fontSizeMedium css-1umw9bq-MuiSvgIcon-root"
                        data-testid="DeleteIcon"
                        focusable="false"
                        viewBox="0 0 24 24"
                      >
                        <path
                          d="M6 19c0 1.1.9 2 2 2h8c1.1 0 2-.9 2-2V7H6zM19 4h-3.5l-1-1h-5l-1 1H5v2h14z"
                        />
                      </svg>
                    </button>
                    <button
                      class="MuiButtonBase-root MuiButton-root MuiButton-contained MuiButton-containedPrimary MuiButton-sizeMedium MuiButton-containedSizeMedium MuiButton-colorPrimary MuiButton-root MuiButton-contained MuiButton-containedPrimary MuiButton-sizeMedium MuiButton-containedSizeMedium MuiButton-colorPrimary css-1abvrni-MuiButtonBase-root-MuiButton-root"
                      tabindex="0"
                      type="button"
                    >
                      <svg
                        aria-hidden="true"
                        class="MuiSvgIcon-root MuiSvgIcon-fontSizeMedium css-1umw9bq-MuiSvgIcon-root"
                        data-testid="EditIcon"
                        focusable="false"
                        viewBox="0 0 24 24"
                      >
                        <path
                          d="M3 17.25V21h3.75L17.81 9.94l-3.75-3.75zM20.71 7.04c.39-.39.39-1.02 0-1.41l-2.34-2.34a.996.996 0 0 0-1.41 0l-1.83 1.83 3.75 3.75z"
                        />
                      </svg>
                    </button>
                  </div>
                </div>
              </div>
            </div>
          </div>
          <div>
            <div
              class="MuiPaper-root MuiPaper-elevation MuiPaper-rounded MuiPaper-elevation1 MuiCard-root css-a5vkra-MuiPaper-root-MuiCard-root"
              style="--Paper-shadow: 0px 2px 1px -1px rgba(0,0,0,0.2),0px 1px 1px 0px rgba(0,0,0,0.14),0px 1px 3px 0px rgba(0,0,0,0.12);"
            >
              <div
                class="MuiCardContent-root css-13dhnfz-MuiCardContent-root"
              >
                <h5
                  class="MuiTypography-root MuiTypography-h5 css-1oizlrc-MuiTypography-root"
                >
                  hello1
                </h5>
                <div
                  class="MuiStack-root css-1wcha3e-MuiStack-root"
                >
                  <p
                    class="MuiTypography-root MuiTypography-body1 css-iwwj6k-MuiTypography-root"
                  >
                    #uuu
                  </p>
                  <p
                    class="MuiTypography-root MuiTypography-body1 css-iwwj6k-MuiTypography-root"
                  >
                    #uid
                  </p>
                  <p
                    class="MuiTypography-root MuiTypography-body1 css-iwwj6k-MuiTypography-root"
                  >
                    #hey
                  </p>
                </div>
                <p
                  class="MuiTypography-root MuiTypography-body1 css-5rw2u6-MuiTypography-root"
                >
                  this is description
                </p>
                <div
                  class="MuiBox-root css-14s011l"
                >
                  <div
                    class="MuiStack-root css-iq4xaw-MuiStack-root"
                  >
                    <button
                      class="MuiButtonBase-root MuiButton-root MuiButton-contained MuiButton-containedPrimary MuiButton-sizeMedium MuiButton-containedSizeMedium MuiButton-colorPrimary MuiButton-root MuiButton-contained MuiButton-containedPrimary MuiButton-sizeMedium MuiButton-containedSizeMedium MuiButton-colorPrimary css-1abvrni-MuiButtonBase-root-MuiButton-root"
                      tabindex="0"
                      type="button"
                    >
                      <svg
                        aria-hidden="true"
                        class="MuiSvgIcon-root MuiSvgIcon-fontSizeMedium css-1umw9bq-MuiSvgIcon-root"
                        data-testid="DeleteIcon"
                        focusable="false"
                        viewBox="0 0 24 24"
                      >
                        <path
                          d="M6 19c0 1.1.9 2 2 2h8c1.1 0 2-.9 2-2V7H6zM19 4h-3.5l-1-1h-5l-1 1H5v2h14z"
                        />
                      </svg>
                    </button>
                    <button
                      class="MuiButtonBase-root MuiButton-root MuiButton-contained MuiButton-containedPrimary MuiButton-sizeMedium MuiButton-containedSizeMedium MuiButton-colorPrimary MuiButton-root MuiButton-contained MuiButton-containedPrimary MuiButton-sizeMedium MuiButton-containedSizeMedium MuiButton-colorPrimary css-1abvrni-MuiButtonBase-root-MuiButton-root"
                      tabindex="0"
                      type="button"
                    >
                      <svg
                        aria-hidden="true"
                        class="MuiSvgIcon-root MuiSvgIcon-fontSizeMedium css-1umw9bq-MuiSvgIcon-root"
                        data-testid="EditIcon"
                        focusable="false"
                        viewBox="0 0 24 24"
                      >
                        <path
                          d="M3 17.25V21h3.75L17.81 9.94l-3.75-3.75zM20.71 7.04c.39-.39.39-1.02 0-1.41l-2.34-2.34a.996.996 0 0 0-1.41 0l-1.83 1.83 3.75 3.75z"
                        />
                      </svg>
                    </button>
                  </div>
                </div>
              </div>
            </div>
          </div>
          <div>
            <div
              class="MuiPaper-root MuiPaper-elevation MuiPaper-rounded MuiPaper-elevation1 MuiCard-root css-a5vkra-MuiPaper-root-MuiCard-root"
              style="--Paper-shadow: 0px 2px 1px -1px rgba(0,0,0,0.2),0px 1px 1px 0px rgba(0,0,0,0.14),0px 1px 3px 0px rgba(0,0,0,0.12);"
            >
              <div
                class="MuiCardContent-root css-13dhnfz-MuiCardContent-root"
              >
                <h5
                  class="MuiTypography-root MuiTypography-h5 css-1oizlrc-MuiTypography-root"
                >
                  hello1
                </h5>
                <div
                  class="MuiStack-root css-1wcha3e-MuiStack-root"
                >
                  <p
                    class="MuiTypography-root MuiTypography-body1 css-iwwj6k-MuiTypography-root"
                  >
                    #uuu
                  </p>
                  <p
                    class="MuiTypography-root MuiTypography-body1 css-iwwj6k-MuiTypography-root"
                  >
                    #uid
                  </p>
                  <p
                    class="MuiTypography-root MuiTypography-body1 css-iwwj6k-MuiTypography-root"
                  >
                    #hey
                  </p>
                </div>
                <p
                  class="MuiTypography-root MuiTypography-body1 css-5rw2u6-MuiTypography-root"
                >
                  this is description
                </p>
                <div
                  class="MuiBox-root css-14s011l"
                >
                  <div
                    class="MuiStack-root css-iq4xaw-MuiStack-root"
                  >
                    <button
                      class="MuiButtonBase-root MuiButton-root MuiButton-contained MuiButton-containedPrimary MuiButton-sizeMedium MuiButton-containedSizeMedium MuiButton-colorPrimary MuiButton-root MuiButton-contained MuiButton-containedPrimary MuiButton-sizeMedium MuiButton-containedSizeMedium MuiButton-colorPrimary css-1abvrni-MuiButtonBase-root-MuiButton-root"
                      tabindex="0"
                      type="button"
                    >
                      <svg
                        aria-hidden="true"
                        class="MuiSvgIcon-root MuiSvgIcon-fontSizeMedium css-1umw9bq-MuiSvgIcon-root"
                        data-testid="DeleteIcon"
                        focusable="false"
                        viewBox="0 0 24 24"
                      >
                        <path
                          d="M6 19c0 1.1.9 2 2 2h8c1.1 0 2-.9 2-2V7H6zM19 4h-3.5l-1-1h-5l-1 1H5v2h14z"
                        />
                      </svg>
                    </button>
                    <button
                      class="MuiButtonBase-root MuiButton-root MuiButton-contained MuiButton-containedPrimary MuiButton-sizeMedium MuiButton-containedSizeMedium MuiButton-colorPrimary MuiButton-root MuiButton-contained MuiButton-containedPrimary MuiButton-sizeMedium MuiButton-containedSizeMedium MuiButton-colorPrimary css-1abvrni-MuiButtonBase-root-MuiButton-root"
                      tabindex="0"
                      type="button"
                    >
                      <svg
                        aria-hidden="true"
                        class="MuiSvgIcon-root MuiSvgIcon-fontSizeMedium css-1umw9bq-MuiSvgIcon-root"
                        data-testid="EditIcon"
                        focusable="false"
                        viewBox="0 0 24 24"
                      >
                        <path
                          d="M3 17.25V21h3.75L17.81 9.94l-3.75-3.75zM20.71 7.04c.39-.39.39-1.02 0-1.41l-2.34-2.34a.996.996 0 0 0-1.41 0l-1.83 1.83 3.75 3.75z"
                        />
                      </svg>
                    </button>
                  </div>
                </div>
              </div>
            </div>
          </div>
          <div>
            <div
              class="MuiPaper-root MuiPaper-elevation MuiPaper-rounded MuiPaper-elevation1 MuiCard-root css-a5vkra-MuiPaper-root-MuiCard-root"
              style="--Paper-shadow: 0px 2px 1px -1px rgba(0,0,0,0.2),0px 1px 1px 0px rgba(0,0,0,0.14),0px 1px 3px 0px rgba(0,0,0,0.12);"
            >
              <div
                class="MuiCardContent-root css-13dhnfz-MuiCardContent-root"
              >
                <h5
                  class="MuiTypography-root MuiTypography-h5 css-1oizlrc-MuiTypography-root"
                >
                  hello1
                </h5>
                <div
                  class="MuiStack-root css-1wcha3e-MuiStack-root"
                >
                  <p
                    class="MuiTypography-root MuiTypography-body1 css-iwwj6k-MuiTypography-root"
                  >
                    #uuu
                  </p>
                  <p
                    class="MuiTypography-root MuiTypography-body1 css-iwwj6k-MuiTypography-root"
                  >
                    #uid
                  </p>
                  <p
                    class="MuiTypography-root MuiTypography-body1 css-iwwj6k-MuiTypography-root"
                  >
                    #hey
                  </p>
                </div>
                <p
                  class="MuiTypography-root MuiTypography-body1 css-5rw2u6-MuiTypography-root"
                >
                  this is description
                </p>
                <div
                  class="MuiBox-root css-14s011l"
                >
                  <div
                    class="MuiStack-root css-iq4xaw-MuiStack-root"
                  >
                    <button
                      class="MuiButtonBase-root MuiButton-root MuiButton-contained MuiButton-containedPrimary MuiButton-sizeMedium MuiButton-containedSizeMedium MuiButton-colorPrimary MuiButton-root MuiButton-contained MuiButton-containedPrimary MuiButton-sizeMedium MuiButton-containedSizeMedium MuiButton-colorPrimary css-1abvrni-MuiButtonBase-root-MuiButton-root"
                      tabindex="0"
                      type="button"
                    >
                      <svg
                        aria-hidden="true"
                        class="MuiSvgIcon-root MuiSvgIcon-fontSizeMedium css-1umw9bq-MuiSvgIcon-root"
                        data-testid="DeleteIcon"
                        focusable="false"
                        viewBox="0 0 24 24"
                      >
                        <path
                          d="M6 19c0 1.1.9 2 2 2h8c1.1 0 2-.9 2-2V7H6zM19 4h-3.5l-1-1h-5l-1 1H5v2h14z"
                        />
                      </svg>
                    </button>
                    <button
                      class="MuiButtonBase-root MuiButton-root MuiButton-contained MuiButton-containedPrimary MuiButton-sizeMedium MuiButton-containedSizeMedium MuiButton-colorPrimary MuiButton-root MuiButton-contained MuiButton-containedPrimary MuiButton-sizeMedium MuiButton-containedSizeMedium MuiButton-colorPrimary css-1abvrni-MuiButtonBase-root-MuiButton-root"
                      tabindex="0"
                      type="button"
                    >
                      <svg
                        aria-hidden="true"
                        class="MuiSvgIcon-root MuiSvgIcon-fontSizeMedium css-1umw9bq-MuiSvgIcon-root"
                        data-testid="EditIcon"
                        focusable="false"
                        viewBox="0 0 24 24"
                      >
                        <path
                          d="M3 17.25V21h3.75L17.81 9.94l-3.75-3.75zM20.71 7.04c.39-.39.39-1.02 0-1.41l-2.34-2.34a.996.996 0 0 0-1.41 0l-1.83 1.83 3.75 3.75z"
                        />
                      </svg>
                    </button>
                  </div>
                </div>
              </div>
            </div>
          </div>
          <div>
            <div
              class="MuiPaper-root MuiPaper-elevation MuiPaper-rounded MuiPaper-elevation1 MuiCard-root css-a5vkra-MuiPaper-root-MuiCard-root"
              style="--Paper-shadow: 0px 2px 1px -1px rgba(0,0,0,0.2),0px 1px 1px 0px rgba(0,0,0,0.14),0px 1px 3px 0px rgba(0,0,0,0.12);"
            >
              <div
                class="MuiCardContent-root css-13dhnfz-MuiCardContent-root"
              >
                <h5
                  class="MuiTypography-root MuiTypography-h5 css-1oizlrc-MuiTypography-root"
                >
                  hello1
                </h5>
                <div
                  class="MuiStack-root css-1wcha3e-MuiStack-root"
                >
                  <p
                    class="MuiTypography-root MuiTypography-body1 css-iwwj6k-MuiTypography-root"
                  >
                    #uuu
                  </p>
                  <p
                    class="MuiTypography-root MuiTypography-body1 css-iwwj6k-MuiTypography-root"
                  >
                    #uid
                  </p>
                  <p
                    class="MuiTypography-root MuiTypography-body1 css-iwwj6k-MuiTypography-root"
                  >
                    #hey
                  </p>
                </div>
                <p
                  class="MuiTypography-root MuiTypography-body1 css-5rw2u6-MuiTypography-root"
                >
                  this is description
                </p>
                <div
                  class="MuiBox-root css-14s011l"
                >
                  <div
                    class="MuiStack-root css-iq4xaw-MuiStack-root"
                  >
                    <button
                      class="MuiButtonBase-root MuiButton-root MuiButton-contained MuiButton-containedPrimary MuiButton-sizeMedium MuiButton-containedSizeMedium MuiButton-colorPrimary MuiButton-root MuiButton-contained MuiButton-containedPrimary MuiButton-sizeMedium MuiButton-containedSizeMedium MuiButton-colorPrimary css-1abvrni-MuiButtonBase-root-MuiButton-root"
                      tabindex="0"
                      type="button"
                    >
                      <svg
                        aria-hidden="true"
                        class="MuiSvgIcon-root MuiSvgIcon-fontSizeMedium css-1umw9bq-MuiSvgIcon-root"
                        data-testid="DeleteIcon"
                        focusable="false"
                        viewBox="0 0 24 24"
                      >
                        <path
                          d="M6 19c0 1.1.9 2 2 2h8c1.1 0 2-.9 2-2V7H6zM19 4h-3.5l-1-1h-5l-1 1H5v2h14z"
                        />
                      </svg>
                    </button>
                    <button
                      class="MuiButtonBase-root MuiButton-root MuiButton-contained MuiButton-containedPrimary MuiButton-sizeMedium MuiButton-containedSizeMedium MuiButton-colorPrimary MuiButton-root MuiButton-contained MuiButton-containedPrimary MuiButton-sizeMedium MuiButton-containedSizeMedium MuiButton-colorPrimary css-1abvrni-MuiButtonBase-root-MuiButton-root"
                      tabindex="0"
                      type="button"
                    >
                      <svg
                        aria-hidden="true"
                        class="MuiSvgIcon-root MuiSvgIcon-fontSizeMedium css-1umw9bq-MuiSvgIcon-root"
                        data-testid="EditIcon"
                        focusable="false"
                        viewBox="0 0 24 24"
                      >
                        <path
                          d="M3 17.25V21h3.75L17.81 9.94l-3.75-3.75zM20.71 7.04c.39-.39.39-1.02 0-1.41l-2.34-2.34a.996.996 0 0 0-1.41 0l-1.83 1.83 3.75 3.75z"
                        />
                      </svg>
                    </button>
                  </div>
                </div>
              </div>
            </div>
          </div>
          <div>
            <div
              class="MuiPaper-root MuiPaper-elevation MuiPaper-rounded MuiPaper-elevation1 MuiCard-root css-a5vkra-MuiPaper-root-MuiCard-root"
              style="--Paper-shadow: 0px 2px 1px -1px rgba(0,0,0,0.2),0px 1px 1px 0px rgba(0,0,0,0.14),0px 1px 3px 0px rgba(0,0,0,0.12);"
            >
              <div
                class="MuiCardContent-root css-13dhnfz-MuiCardContent-root"
              >
                <h5
                  class="MuiTypography-root MuiTypography-h5 css-1oizlrc-MuiTypography-root"
                >
                  hello1
                </h5>
                <div
                  class="MuiStack-root css-1wcha3e-MuiStack-root"
                >
                  <p
                    class="MuiTypography-root MuiTypography-body1 css-iwwj6k-MuiTypography-root"
                  >
                    #uuu
                  </p>
                  <p
                    class="MuiTypography-root MuiTypography-body1 css-iwwj6k-MuiTypography-root"
                  >
                    #uid
                  </p>
                  <p
                    class="MuiTypography-root MuiTypography-body1 css-iwwj6k-MuiTypography-root"
                  >
                    #hey
                  </p>
                </div>
                <p
                  class="MuiTypography-root MuiTypography-body1 css-5rw2u6-MuiTypography-root"
                >
                  this is description
                </p>
                <div
                  class="MuiBox-root css-14s011l"
                >
                  <div
                    class="MuiStack-root css-iq4xaw-MuiStack-root"
                  >
                    <button
                      class="MuiButtonBase-root MuiButton-root MuiButton-contained MuiButton-containedPrimary MuiButton-sizeMedium MuiButton-containedSizeMedium MuiButton-colorPrimary MuiButton-root MuiButton-contained MuiButton-containedPrimary MuiButton-sizeMedium MuiButton-containedSizeMedium MuiButton-colorPrimary css-1abvrni-MuiButtonBase-root-MuiButton-root"
                      tabindex="0"
                      type="button"
                    >
                      <svg
                        aria-hidden="true"
                        class="MuiSvgIcon-root MuiSvgIcon-fontSizeMedium css-1umw9bq-MuiSvgIcon-root"
                        data-testid="DeleteIcon"
                        focusable="false"
                        viewBox="0 0 24 24"
                      >
                        <path
                          d="M6 19c0 1.1.9 2 2 2h8c1.1 0 2-.9 2-2V7H6zM19 4h-3.5l-1-1h-5l-1 1H5v2h14z"
                        />
                      </svg>
                    </button>
                    <button
                      class="MuiButtonBase-root MuiButton-root MuiButton-contained MuiButton-containedPrimary MuiButton-sizeMedium MuiButton-containedSizeMedium MuiButton-colorPrimary MuiButton-root MuiButton-contained MuiButton-containedPrimary MuiButton-sizeMedium MuiButton-containedSizeMedium MuiButton-colorPrimary css-1abvrni-MuiButtonBase-root-MuiButton-root"
                      tabindex="0"
                      type="button"
                    >
                      <svg
                        aria-hidden="true"
                        class="MuiSvgIcon-root MuiSvgIcon-fontSizeMedium css-1umw9bq-MuiSvgIcon-root"
                        data-testid="EditIcon"
                        focusable="false"
                        viewBox="0 0 24 24"
                      >
                        <path
                          d="M3 17.25V21h3.75L17.81 9.94l-3.75-3.75zM20.71 7.04c.39-.39.39-1.02 0-1.41l-2.34-2.34a.996.996 0 0 0-1.41 0l-1.83 1.83 3.75 3.75z"
                        />
                      </svg>
                    </button>
                  </div>
                </div>
              </div>
            </div>
          </div>
        </div>
      </div>
    </div>
  </div>
</DocumentFragment>
`;
